Archive member included to satisfy reference by file (symbol)

C:/ST/STM32CubeIDE_1.10.1/STM32CubeIDE/plugins/com.st.stm32cube.ide.mcu.externaltools.gnu-tools-for-stm32.11.3.rel1.win32_1.1.100.202309141235/tools/bin/../lib/gcc/arm-none-eabi/11.3.1/../../../../arm-none-eabi/lib/thumb/v7e-m+fp/hard\libc_nano.a(libc_a-exit.o)
                              C:/ST/STM32CubeIDE_1.10.1/STM32CubeIDE/plugins/com.st.stm32cube.ide.mcu.externaltools.gnu-tools-for-stm32.11.3.rel1.win32_1.1.100.202309141235/tools/bin/../lib/gcc/arm-none-eabi/11.3.1/../../../../arm-none-eabi/lib/thumb/v7e-m+fp/hard/crt0.o (exit)
C:/ST/STM32CubeIDE_1.10.1/STM32CubeIDE/plugins/com.st.stm32cube.ide.mcu.externaltools.gnu-tools-for-stm32.11.3.rel1.win32_1.1.100.202309141235/tools/bin/../lib/gcc/arm-none-eabi/11.3.1/../../../../arm-none-eabi/lib/thumb/v7e-m+fp/hard\libc_nano.a(libc_a-findfp.o)
                              C:/ST/STM32CubeIDE_1.10.1/STM32CubeIDE/plugins/com.st.stm32cube.ide.mcu.externaltools.gnu-tools-for-stm32.11.3.rel1.win32_1.1.100.202309141235/tools/bin/../lib/gcc/arm-none-eabi/11.3.1/../../../../arm-none-eabi/lib/thumb/v7e-m+fp/hard\libc_nano.a(libc_a-exit.o) (__stdio_exit_handler)
C:/ST/STM32CubeIDE_1.10.1/STM32CubeIDE/plugins/com.st.stm32cube.ide.mcu.externaltools.gnu-tools-for-stm32.11.3.rel1.win32_1.1.100.202309141235/tools/bin/../lib/gcc/arm-none-eabi/11.3.1/../../../../arm-none-eabi/lib/thumb/v7e-m+fp/hard\libc_nano.a(libc_a-fwalk.o)
                              C:/ST/STM32CubeIDE_1.10.1/STM32CubeIDE/plugins/com.st.stm32cube.ide.mcu.externaltools.gnu-tools-for-stm32.11.3.rel1.win32_1.1.100.202309141235/tools/bin/../lib/gcc/arm-none-eabi/11.3.1/../../../../arm-none-eabi/lib/thumb/v7e-m+fp/hard\libc_nano.a(libc_a-findfp.o) (_fwalk_sglue)
C:/ST/STM32CubeIDE_1.10.1/STM32CubeIDE/plugins/com.st.stm32cube.ide.mcu.externaltools.gnu-tools-for-stm32.11.3.rel1.win32_1.1.100.202309141235/tools/bin/../lib/gcc/arm-none-eabi/11.3.1/../../../../arm-none-eabi/lib/thumb/v7e-m+fp/hard\libc_nano.a(libc_a-stdio.o)
                              C:/ST/STM32CubeIDE_1.10.1/STM32CubeIDE/plugins/com.st.stm32cube.ide.mcu.externaltools.gnu-tools-for-stm32.11.3.rel1.win32_1.1.100.202309141235/tools/bin/../lib/gcc/arm-none-eabi/11.3.1/../../../../arm-none-eabi/lib/thumb/v7e-m+fp/hard\libc_nano.a(libc_a-findfp.o) (__sread)
C:/ST/STM32CubeIDE_1.10.1/STM32CubeIDE/plugins/com.st.stm32cube.ide.mcu.externaltools.gnu-tools-for-stm32.11.3.rel1.win32_1.1.100.202309141235/tools/bin/../lib/gcc/arm-none-eabi/11.3.1/../../../../arm-none-eabi/lib/thumb/v7e-m+fp/hard\libc_nano.a(libc_a-memset.o)
                              C:/ST/STM32CubeIDE_1.10.1/STM32CubeIDE/plugins/com.st.stm32cube.ide.mcu.externaltools.gnu-tools-for-stm32.11.3.rel1.win32_1.1.100.202309141235/tools/bin/../lib/gcc/arm-none-eabi/11.3.1/../../../../arm-none-eabi/lib/thumb/v7e-m+fp/hard/crt0.o (memset)
C:/ST/STM32CubeIDE_1.10.1/STM32CubeIDE/plugins/com.st.stm32cube.ide.mcu.externaltools.gnu-tools-for-stm32.11.3.rel1.win32_1.1.100.202309141235/tools/bin/../lib/gcc/arm-none-eabi/11.3.1/../../../../arm-none-eabi/lib/thumb/v7e-m+fp/hard\libc_nano.a(libc_a-closer.o)
                              C:/ST/STM32CubeIDE_1.10.1/STM32CubeIDE/plugins/com.st.stm32cube.ide.mcu.externaltools.gnu-tools-for-stm32.11.3.rel1.win32_1.1.100.202309141235/tools/bin/../lib/gcc/arm-none-eabi/11.3.1/../../../../arm-none-eabi/lib/thumb/v7e-m+fp/hard\libc_nano.a(libc_a-stdio.o) (_close_r)
C:/ST/STM32CubeIDE_1.10.1/STM32CubeIDE/plugins/com.st.stm32cube.ide.mcu.externaltools.gnu-tools-for-stm32.11.3.rel1.win32_1.1.100.202309141235/tools/bin/../lib/gcc/arm-none-eabi/11.3.1/../../../../arm-none-eabi/lib/thumb/v7e-m+fp/hard\libc_nano.a(libc_a-reent.o)
                              C:/ST/STM32CubeIDE_1.10.1/STM32CubeIDE/plugins/com.st.stm32cube.ide.mcu.externaltools.gnu-tools-for-stm32.11.3.rel1.win32_1.1.100.202309141235/tools/bin/../lib/gcc/arm-none-eabi/11.3.1/../../../../arm-none-eabi/lib/thumb/v7e-m+fp/hard\libc_nano.a(libc_a-closer.o) (errno)
C:/ST/STM32CubeIDE_1.10.1/STM32CubeIDE/plugins/com.st.stm32cube.ide.mcu.externaltools.gnu-tools-for-stm32.11.3.rel1.win32_1.1.100.202309141235/tools/bin/../lib/gcc/arm-none-eabi/11.3.1/../../../../arm-none-eabi/lib/thumb/v7e-m+fp/hard\libc_nano.a(libc_a-impure.o)
                              C:/ST/STM32CubeIDE_1.10.1/STM32CubeIDE/plugins/com.st.stm32cube.ide.mcu.externaltools.gnu-tools-for-stm32.11.3.rel1.win32_1.1.100.202309141235/tools/bin/../lib/gcc/arm-none-eabi/11.3.1/../../../../arm-none-eabi/lib/thumb/v7e-m+fp/hard\libc_nano.a(libc_a-reent.o) (_impure_ptr)
C:/ST/STM32CubeIDE_1.10.1/STM32CubeIDE/plugins/com.st.stm32cube.ide.mcu.externaltools.gnu-tools-for-stm32.11.3.rel1.win32_1.1.100.202309141235/tools/bin/../lib/gcc/arm-none-eabi/11.3.1/../../../../arm-none-eabi/lib/thumb/v7e-m+fp/hard\libc_nano.a(libc_a-lseekr.o)
[...]
Memory Configuration

Name             Origin             Length             Attributes
CCMRAM           0x0000000010000000 0x0000000000002000 xrw
RAM              0x0000000020000000 0x0000000000008000 xrw
FLASH            0x0000000008000000 0x0000000000020000 xr
*default*        0x0000000000000000 0xffffffffffffffff

Linker script and memory map

LOAD C:/ST/STM32CubeIDE_1.10.1/STM32CubeIDE/plugins/com.st.stm32cube.ide.mcu.externaltools.gnu-tools-for-stm32.11.3.rel1.win32_1.1.100.202309141235/tools/bin/../lib/gcc/arm-none-eabi/11.3.1/thumb/v7e-m+fp/hard/crti.o
LOAD C:/ST/STM32CubeIDE_1.10.1/STM32CubeIDE/plugins/com.st.stm32cube.ide.mcu.externaltools.gnu-tools-for-stm32.11.3.rel1.win32_1.1.100.202309141235/tools/bin/../lib/gcc/arm-none-eabi/11.3.1/thumb/v7e-m+fp/hard/crtbegin.o
LOAD C:/ST/STM32CubeIDE_1.10.1/STM32CubeIDE/plugins/com.st.stm32cube.ide.mcu.externaltools.gnu-tools-for-stm32.11.3.rel1.win32_1.1.100.202309141235/tools/bin/../lib/gcc/arm-none-eabi/11.3.1/../../../../arm-none-eabi/lib/thumb/v7e-m+fp/hard/crt0.o
LOAD ./Core/Src/ADC_Handler.o
LOAD ./Core/Src/Application.o
LOAD ./Core/Src/CAN_Handler.o
LOAD ./Core/Src/Gearbox.o
LOAD ./Core/Src/adc.o
LOAD ./Core/Src/can.o
LOAD ./Core/Src/gpio.o
LOAD ./Core/Src/main.o
LOAD ./Core/Src/opamp.o
LOAD ./Core/Src/stm32f3xx_hal_msp.o
LOAD ./Core/Src/stm32f3xx_it.o
LOAD ./Core/Src/syscalls.o
LOAD ./Core/Src/sysmem.o
LOAD ./Core/Src/system_stm32f3xx.o
LOAD ./Core/Src/tim.o
LOAD ./Core/Startup/startup_stm32f303cbtx.o
LOAD ./Drivers/CAN_LIB/src/CAN_FIFO.o
LOAD ./Drivers/CAN_LIB/src/CAN_LIB.o
LOAD ./Drivers/CAN_LIB/src/CAN_LIB_HW.o
LOAD ./Drivers/STM32F3xx_HAL_Driver/Src/stm32f3xx_hal.o
LOAD ./Drivers/STM32F3xx_HAL_Driver/Src/stm32f3xx_hal_adc.o
LOAD ./Drivers/STM32F3xx_HAL_Driver/Src/stm32f3xx_hal_adc_ex.o
LOAD ./Drivers/STM32F3xx_HAL_Driver/Src/stm32f3xx_hal_can.o
LOAD ./Drivers/STM32F3xx_HAL_Driver/Src/stm32f3xx_hal_cortex.o
LOAD ./Drivers/STM32F3xx_HAL_Driver/Src/stm32f3xx_hal_dma.o
LOAD ./Drivers/STM32F3xx_HAL_Driver/Src/stm32f3xx_hal_exti.o
LOAD ./Drivers/STM32F3xx_HAL_Driver/Src/stm32f3xx_hal_flash.o
LOAD ./Drivers/STM32F3xx_HAL_Driver/Src/stm32f3xx_hal_flash_ex.o
LOAD ./Drivers/STM32F3xx_HAL_Driver/Src/stm32f3xx_hal_gpio.o
LOAD ./Drivers/STM32F3xx_HAL_Driver/Src/stm32f3xx_hal_i2c.o
LOAD ./Drivers/STM32F3xx_HAL_Driver/Src/stm32f3xx_hal_i2c_ex.o
LOAD ./Drivers/STM32F3xx_HAL_Driver/Src/stm32f3xx_hal_opamp.o
LOAD ./Drivers/STM32F3xx_HAL_Driver/Src/stm32f3xx_hal_opamp_ex.o
LOAD ./Drivers/STM32F3xx_HAL_Driver/Src/stm32f3xx_hal_pwr.o
LOAD ./Drivers/STM32F3xx_HAL_Driver/Src/stm32f3xx_hal_pwr_ex.o
LOAD ./Drivers/STM32F3xx_HAL_Driver/Src/stm32f3xx_hal_rcc.o
LOAD ./Drivers/STM32F3xx_HAL_Driver/Src/stm32f3xx_hal_rcc_ex.o
LOAD ./Drivers/STM32F3xx_HAL_Driver/Src/stm32f3xx_hal_tim.o
LOAD ./Drivers/STM32F3xx_HAL_Driver/Src/stm32f3xx_hal_tim_ex.o
START GROUP
LOAD C:/ST/STM32CubeIDE_1.10.1/STM32CubeIDE/plugins/com.st.stm32cube.ide.mcu.externaltools.gnu-tools-for-stm32.11.3.rel1.win32_1.1.100.202309141235/tools/bin/../lib/gcc/arm-none-eabi/11.3.1/../../../../arm-none-eabi/lib/thumb/v7e-m+fp/hard\libc_nano.a
LOAD C:/ST/STM32CubeIDE_1.10.1/STM32CubeIDE/plugins/com.st.stm32cube.ide.mcu.externaltools.gnu-tools-for-stm32.11.3.rel1.win32_1.1.100.202309141235/tools/bin/../lib/gcc/arm-none-eabi/11.3.1/../../../../arm-none-eabi/lib/thumb/v7e-m+fp/hard\libm.a
END GROUP
START GROUP
LOAD C:/ST/STM32CubeIDE_1.10.1/STM32CubeIDE/plugins/com.st.stm32cube.ide.mcu.externaltools.gnu-tools-for-stm32.11.3.rel1.win32_1.1.100.202309141235/tools/bin/../lib/gcc/arm-none-eabi/11.3.1/thumb/v7e-m+fp/hard\libgcc.a
LOAD C:/ST/STM32CubeIDE_1.10.1/STM32CubeIDE/plugins/com.st.stm32cube.ide.mcu.externaltools.gnu-tools-for-stm32.11.3.rel1.win32_1.1.100.202309141235/tools/bin/../lib/gcc/arm-none-eabi/11.3.1/../../../../arm-none-eabi/lib/thumb/v7e-m+fp/hard\libc_nano.a
END GROUP
START GROUP
LOAD C:/ST/STM32CubeIDE_1.10.1/STM32CubeIDE/plugins/com.st.stm32cube.ide.mcu.externaltools.gnu-tools-for-stm32.11.3.rel1.win32_1.1.100.202309141235/tools/bin/../lib/gcc/arm-none-eabi/11.3.1/thumb/v7e-m+fp/hard\libgcc.a
LOAD C:/ST/STM32CubeIDE_1.10.1/STM32CubeIDE/plugins/com.st.stm32cube.ide.mcu.externaltools.gnu-tools-for-stm32.11.3.rel1.win32_1.1.100.202309141235/tools/bin/../lib/gcc/arm-none-eabi/11.3.1/../../../../arm-none-eabi/lib/thumb/v7e-m+fp/hard\libc_nano.a
LOAD C:/ST/STM32CubeIDE_1.10.1/STM32CubeIDE/plugins/com.st.stm32cube.ide.mcu.externaltools.gnu-tools-for-stm32.11.3.rel1.win32_1.1.100.202309141235/tools/bin/../lib/gcc/arm-none-eabi/11.3.1/../../../../arm-none-eabi/lib/thumb/v7e-m+fp/hard\libnosys.a
END GROUP
START GROUP
LOAD C:/ST/STM32CubeIDE_1.10.1/STM32CubeIDE/plugins/com.st.stm32cube.ide.mcu.externaltools.gnu-tools-for-stm32.11.3.rel1.win32_1.1.100.202309141235/tools/bin/../lib/gcc/arm-none-eabi/11.3.1/thumb/v7e-m+fp/hard\libgcc.a
LOAD C:/ST/STM32CubeIDE_1.10.1/STM32CubeIDE/plugins/com.st.stm32cube.ide.mcu.externaltools.gnu-tools-for-stm32.11.3.rel1.win32_1.1.100.202309141235/tools/bin/../lib/gcc/arm-none-eabi/11.3.1/../../../../arm-none-eabi/lib/thumb/v7e-m+fp/hard\libc_nano.a
LOAD C:/ST/STM32CubeIDE_1.10.1/STM32CubeIDE/plugins/com.st.stm32cube.ide.mcu.externaltools.gnu-tools-for-stm32.11.3.rel1.win32_1.1.100.202309141235/tools/bin/../lib/gcc/arm-none-eabi/11.3.1/../../../../arm-none-eabi/lib/thumb/v7e-m+fp/hard\libnosys.a
END GROUP
LOAD C:/ST/STM32CubeIDE_1.10.1/STM32CubeIDE/plugins/com.st.stm32cube.ide.mcu.externaltools.gnu-tools-for-stm32.11.3.rel1.win32_1.1.100.202309141235/tools/bin/../lib/gcc/arm-none-eabi/11.3.1/thumb/v7e-m+fp/hard/crtend.o
LOAD C:/ST/STM32CubeIDE_1.10.1/STM32CubeIDE/plugins/com.st.stm32cube.ide.mcu.externaltools.gnu-tools-for-stm32.11.3.rel1.win32_1.1.100.202309141235/tools/bin/../lib/gcc/arm-none-eabi/11.3.1/thumb/v7e-m+fp/hard/crtn.o
                0x0000000020008000                _estack = (ORIGIN (RAM) + LENGTH (RAM))
                0x0000000000000200                _Min_Heap_Size = 0x200
                0x0000000000000400                _Min_Stack_Size = 0x400

.isr_vector     0x0000000008000000      0x188
                0x0000000008000000                . = ALIGN (0x4)
 *(.isr_vector)
 .isr_vector    0x0000000008000000      0x188 ./Core/Startup/startup_stm32f303cbtx.o
                0x0000000008000000                g_pfnVectors
                0x0000000008000188                . = ALIGN (0x4)

.text           0x0000000008000188     0x5e1c
                0x0000000008000188                . = ALIGN (0x4)
 *(.text)
 .text          0x0000000008000188       0x40 C:/ST/STM32CubeIDE_1.10.1/STM32CubeIDE/plugins/com.st.stm32cube.ide.mcu.externaltools.gnu-tools-for-stm32.11.3.rel1.win32_1.1.100.202309141235/tools/bin/../lib/gcc/arm-none-eabi/11.3.1/thumb/v7e-m+fp/hard/crtbegin.o
 *(.text*)
 .text.ADC_Init
                0x00000000080001c8       0x24 ./Core/Src/ADC_Handler.o
                0x00000000080001c8                ADC_Init
 .text.HAL_ADC_ConvCpltCallback
                0x00000000080001ec       0x2c ./Core/Src/ADC_Handler.o
                0x00000000080001ec                HAL_ADC_ConvCpltCallback
 .text.getADCValue
                0x0000000008000218       0x18 ./Core/Src/ADC_Handler.o
                0x0000000008000218                getADCValue
 .text.AppInit  0x0000000008000230       0x1c ./Core/Src/Application.o
                0x0000000008000230                AppInit
 .text.canRxProcess
                0x000000000800024c       0x60 ./Core/Src/Application.o
                0x000000000800024c                canRxProcess
 .text.sendCANFrame
                0x00000000080002ac       0x4c ./Core/Src/Application.o
                0x00000000080002ac                sendCANFrame
 .text.statusLED
                0x00000000080002f8       0x14 ./Core/Src/Application.o
                0x00000000080002f8                statusLED
 .text.AppProcess
                0x000000000800030c       0x7c ./Core/Src/Application.o
                0x000000000800030c                AppProcess
 .text.CAN_Handler_Init
                0x0000000008000388       0x5c ./Core/Src/CAN_Handler.o
                0x0000000008000388                CAN_Handler_Init
 .text.CAN_Handler_IsGearUpCommanded
                0x00000000080003e4       0x38 ./Core/Src/CAN_Handler.o
                0x00000000080003e4                CAN_Handler_IsGearUpCommanded
 .text.CAN_Handler_IsGearDownCommanded
                0x000000000800041c       0x3c ./Core/Src/CAN_Handler.o
                0x000000000800041c                CAN_Handler_IsGearDownCommanded
 .text.CAN_Handler_IsClutchCommanded
                0x0000000008000458       0x40 ./Core/Src/CAN_Handler.o
                0x0000000008000458                CAN_Handler_IsClutchCommanded
 .text.CAN_Handler_SendGmu1Frame
                0x0000000008000498       0x6c ./Core/Src/CAN_Handler.o
                0x0000000008000498                CAN_Handler_SendGmu1Frame
 .text.CAN_Handler_SendGmu2Frame
                0x0000000008000504       0x80 ./Core/Src/CAN_Handler.o
                0x0000000008000504                CAN_Handler_SendGmu2Frame
 .text.gearboxInit
                0x0000000008000584       0x7e ./Core/Src/Gearbox.o
                0x0000000008000584                gearboxInit
 .text.getGearCut
                0x0000000008000602       0x1a ./Core/Src/Gearbox.o
                0x0000000008000602                getGearCut
 .text.processCallback
                0x000000000800061c       0xc0 ./Core/Src/Gearbox.o
                0x000000000800061c                processCallback
 .text.startUpshiftCallback
                0x00000000080006dc       0x8e ./Core/Src/Gearbox.o
                0x00000000080006dc                startUpshiftCallback
 .text.upshiftFromNeutral
                0x000000000800076a       0x2a ./Core/Src/Gearbox.o
                0x000000000800076a                upshiftFromNeutral
 .text.upshiftGearCut
                0x0000000008000794       0x4a ./Core/Src/Gearbox.o
                0x0000000008000794                upshiftGearCut
 .text.upshiftFinish
                0x00000000080007de       0x60 ./Core/Src/Gearbox.o
                0x00000000080007de                upshiftFinish
 *fill*         0x000000000800083e        0x2 
 .text.startDownshiftCallback
                0x0000000008000840       0x90 ./Core/Src/Gearbox.o
                0x0000000008000840                startDownshiftCallback
 .text.downshiftToNeutral
                0x00000000080008d0       0x48 ./Core/Src/Gearbox.o
                0x00000000080008d0                downshiftToNeutral
 .text.downshiftRevMatch
                0x0000000008000918       0x50 ./Core/Src/Gearbox.o
                0x0000000008000918                downshiftRevMatch
 .text.downshiftFinish
                0x0000000008000968       0x64 ./Core/Src/Gearbox.o
                0x0000000008000968                downshiftFinish
 .text.openLoop_upshift_gearCut
                0x00000000080009cc       0x4a ./Core/Src/Gearbox.o
                0x00000000080009cc                openLoop_upshift_gearCut
 .text.openLoop_upshift_finish
                0x0000000008000a16       0x4e ./Core/Src/Gearbox.o
                0x0000000008000a16                openLoop_upshift_finish
 .text.openLoop_downshift_clutch
                0x0000000008000a64       0x50 ./Core/Src/Gearbox.o
                0x0000000008000a64                openLoop_downshift_clutch
 .text.openLoop_downshift_finish
                0x0000000008000ab4       0x50 ./Core/Src/Gearbox.o
                0x0000000008000ab4                openLoop_downshift_finish
 .text.startUpshift
                0x0000000008000b04       0x22 ./Core/Src/Gearbox.o
                0x0000000008000b04                startUpshift
 .text.startDownshift
                0x0000000008000b26       0x22 ./Core/Src/Gearbox.o
                0x0000000008000b26                startDownshift
 .text.clutch   0x0000000008000b48       0x24 ./Core/Src/Gearbox.o
                0x0000000008000b48                clutch
 .text.getState
                0x0000000008000b6c       0x18 ./Core/Src/Gearbox.o
                0x0000000008000b6c                getState
 .text.getTimeout
                0x0000000008000b84       0x3c ./Core/Src/Gearbox.o
 .text.MX_ADC1_Init
                0x0000000008000bc0       0xe0 ./Core/Src/adc.o
                0x0000000008000bc0                MX_ADC1_Init
 .text.HAL_ADC_MspInit
                0x0000000008000ca0       0x48 ./Core/Src/adc.o
                0x0000000008000ca0                HAL_ADC_MspInit
 .text.MX_CAN_Init
                0x0000000008000ce8       0x6c ./Core/Src/can.o
                0x0000000008000ce8                MX_CAN_Init
 .text.HAL_CAN_MspInit
                0x0000000008000d54       0xc8 ./Core/Src/can.o
                0x0000000008000d54                HAL_CAN_MspInit
 .text.MX_GPIO_Init
                0x0000000008000e1c      0x100 ./Core/Src/gpio.o
                0x0000000008000e1c                MX_GPIO_Init
 .text.main     0x0000000008000f1c       0x2a ./Core/Src/main.o
                0x0000000008000f1c                main
 .text.SystemClock_Config
                0x0000000008000f46       0xb6 ./Core/Src/main.o
                0x0000000008000f46                SystemClock_Config
 .text.Error_Handler
                0x0000000008000ffc        0xa ./Core/Src/main.o
                0x0000000008000ffc                Error_Handler
 *fill*         0x0000000008001006        0x2 
 .text.MX_OPAMP1_Init
                0x0000000008001008       0x40 ./Core/Src/opamp.o
                0x0000000008001008                MX_OPAMP1_Init
 .text.HAL_OPAMP_MspInit
                0x0000000008001048       0x64 ./Core/Src/opamp.o
                0x0000000008001048                HAL_OPAMP_MspInit
 .text.HAL_MspInit
                0x00000000080010ac       0x48 ./Core/Src/stm32f3xx_hal_msp.o
                0x00000000080010ac                HAL_MspInit
 .text.NMI_Handler
                0x00000000080010f4        0x6 ./Core/Src/stm32f3xx_it.o
                0x00000000080010f4                NMI_Handler
 .text.HardFault_Handler
                0x00000000080010fa        0x6 ./Core/Src/stm32f3xx_it.o
                0x00000000080010fa                HardFault_Handler
 .text.MemManage_Handler
                0x0000000008001100        0x6 ./Core/Src/stm32f3xx_it.o
                0x0000000008001100                MemManage_Handler
 .text.BusFault_Handler
                0x0000000008001106        0x6 ./Core/Src/stm32f3xx_it.o
                0x0000000008001106                BusFault_Handler
 .text.UsageFault_Handler
                0x000000000800110c        0x6 ./Core/Src/stm32f3xx_it.o
                0x000000000800110c                UsageFault_Handler
 .text.SVC_Handler
                0x0000000008001112        0xe ./Core/Src/stm32f3xx_it.o
                0x0000000008001112                SVC_Handler
 .text.DebugMon_Handler
                0x0000000008001120        0xe ./Core/Src/stm32f3xx_it.o
                0x0000000008001120                DebugMon_Handler
 .text.PendSV_Handler
                0x000000000800112e        0xe ./Core/Src/stm32f3xx_it.o
                0x000000000800112e                PendSV_Handler
 .text.SysTick_Handler
                0x000000000800113c        0xc ./Core/Src/stm32f3xx_it.o
                0x000000000800113c                SysTick_Handler
 .text.ADC1_2_IRQHandler
                0x0000000008001148       0x14 ./Core/Src/stm32f3xx_it.o
                0x0000000008001148                ADC1_2_IRQHandler
 .text.USB_HP_CAN_TX_IRQHandler
                0x000000000800115c       0x14 ./Core/Src/stm32f3xx_it.o
                0x000000000800115c                USB_HP_CAN_TX_IRQHandler
 .text.USB_LP_CAN_RX0_IRQHandler
                0x0000000008001170       0x14 ./Core/Src/stm32f3xx_it.o
                0x0000000008001170                USB_LP_CAN_RX0_IRQHandler
 .text.CAN_RX1_IRQHandler
                0x0000000008001184       0x14 ./Core/Src/stm32f3xx_it.o
                0x0000000008001184                CAN_RX1_IRQHandler
 .text.CAN_SCE_IRQHandler
                0x0000000008001198        0xe ./Core/Src/stm32f3xx_it.o
                0x0000000008001198                CAN_SCE_IRQHandler
 *fill*         0x00000000080011a6        0x2 
 .text.SystemInit
                0x00000000080011a8       0x24 ./Core/Src/system_stm32f3xx.o
                0x00000000080011a8                SystemInit
 .text.MX_TIM2_Init
                0x00000000080011cc       0x9c ./Core/Src/tim.o
                0x00000000080011cc                MX_TIM2_Init
 .text.HAL_TIM_Base_MspInit
                0x0000000008001268       0x3c ./Core/Src/tim.o
                0x0000000008001268                HAL_TIM_Base_MspInit
 .text.Reset_Handler
                0x00000000080012a4       0x50 ./Core/Startup/startup_stm32f303cbtx.o
                0x00000000080012a4                Reset_Handler
 .text.Default_Handler
                0x00000000080012f4        0x2 ./Core/Startup/startup_stm32f303cbtx.o
                0x00000000080012f4                RTC_Alarm_IRQHandler
                0x00000000080012f4                TIM8_TRG_COM_IRQHandler
                0x00000000080012f4                TIM8_CC_IRQHandler
                0x00000000080012f4                TIM1_CC_IRQHandler
                0x00000000080012f4                USB_HP_IRQHandler
                0x00000000080012f4                PVD_IRQHandler
                0x00000000080012f4                TAMP_STAMP_IRQHandler
                0x00000000080012f4                EXTI3_IRQHandler
                0x00000000080012f4                EXTI0_IRQHandler
                0x00000000080012f4                I2C2_EV_IRQHandler
                0x00000000080012f4                FPU_IRQHandler
                0x00000000080012f4                TIM1_UP_TIM16_IRQHandler
                0x00000000080012f4                SPI1_IRQHandler
                0x00000000080012f4                TIM6_DAC_IRQHandler
                0x00000000080012f4                TIM8_UP_IRQHandler
                0x00000000080012f4                DMA2_Channel2_IRQHandler
                0x00000000080012f4                DMA1_Channel4_IRQHandler
                0x00000000080012f4                USART3_IRQHandler
                0x00000000080012f4                DMA1_Channel7_IRQHandler
                0x00000000080012f4                UART5_IRQHandler
                0x00000000080012f4                ADC3_IRQHandler
                0x00000000080012f4                TIM4_IRQHandler
                0x00000000080012f4                DMA2_Channel1_IRQHandler
                0x00000000080012f4                I2C1_EV_IRQHandler
                0x00000000080012f4                DMA1_Channel6_IRQHandler
                0x00000000080012f4                UART4_IRQHandler
                0x00000000080012f4                DMA2_Channel4_IRQHandler
                0x00000000080012f4                TIM3_IRQHandler
                0x00000000080012f4                RCC_IRQHandler
                0x00000000080012f4                DMA1_Channel1_IRQHandler
                0x00000000080012f4                Default_Handler
                0x00000000080012f4                USBWakeUp_RMP_IRQHandler
                0x00000000080012f4                EXTI15_10_IRQHandler
                0x00000000080012f4                TIM7_IRQHandler
                0x00000000080012f4                EXTI9_5_IRQHandler
                0x00000000080012f4                RTC_WKUP_IRQHandler
                0x00000000080012f4                SPI2_IRQHandler
                0x00000000080012f4                DMA2_Channel5_IRQHandler
                0x00000000080012f4                DMA1_Channel5_IRQHandler
                0x00000000080012f4                USB_LP_IRQHandler
                0x00000000080012f4                EXTI4_IRQHandler
                0x00000000080012f4                TIM1_TRG_COM_TIM17_IRQHandler
                0x00000000080012f4                DMA1_Channel3_IRQHandler
                0x00000000080012f4                ADC4_IRQHandler
                0x00000000080012f4                WWDG_IRQHandler
                0x00000000080012f4                TIM2_IRQHandler
                0x00000000080012f4                COMP7_IRQHandler
                0x00000000080012f4                COMP1_2_3_IRQHandler
                0x00000000080012f4                EXTI1_IRQHandler
                0x00000000080012f4                USART2_IRQHandler
                0x00000000080012f4                COMP4_5_6_IRQHandler
                0x00000000080012f4                I2C2_ER_IRQHandler
                0x00000000080012f4                DMA1_Channel2_IRQHandler
                0x00000000080012f4                TIM8_BRK_IRQHandler
                0x00000000080012f4                FLASH_IRQHandler
                0x00000000080012f4                USART1_IRQHandler
                0x00000000080012f4                SPI3_IRQHandler
                0x00000000080012f4                I2C1_ER_IRQHandler
                0x00000000080012f4                USBWakeUp_IRQHandler
                0x00000000080012f4                DMA2_Channel3_IRQHandler
                0x00000000080012f4                EXTI2_TSC_IRQHandler
                0x00000000080012f4                TIM1_BRK_TIM15_IRQHandler
 *fill*         0x00000000080012f6        0x2 
 .text.CAN_FIFO_Add
                0x00000000080012f8       0x94 ./Drivers/CAN_LIB/src/CAN_FIFO.o
                0x00000000080012f8                CAN_FIFO_Add
 .text.CAN_FIFO_Get
                0x000000000800138c       0x70 ./Drivers/CAN_LIB/src/CAN_FIFO.o
                0x000000000800138c                CAN_FIFO_Get
 .text.CAN_FIFO_Flush
                0x00000000080013fc       0x28 ./Drivers/CAN_LIB/src/CAN_FIFO.o
                0x00000000080013fc                CAN_FIFO_Flush
 .text.CAN_Init
                0x0000000008001424       0x18 ./Drivers/CAN_LIB/src/CAN_LIB.o
                0x0000000008001424                CAN_Init
 .text.CAN_InitFrame
                0x000000000800143c       0x58 ./Drivers/CAN_LIB/src/CAN_LIB.o
                0x000000000800143c                CAN_InitFrame
 .text.FilterFrame
                0x0000000008001494       0x48 ./Drivers/CAN_LIB/src/CAN_LIB.o
                0x0000000008001494                FilterFrame
 .text.CAN_GetTickMs
                0x00000000080014dc        0xe ./Drivers/CAN_LIB/src/CAN_LIB.o
                0x00000000080014dc                CAN_GetTickMs
 *fill*         0x00000000080014ea        0x2 
 .text.CAN_SendFrame
                0x00000000080014ec       0x2c ./Drivers/CAN_LIB/src/CAN_LIB.o
                0x00000000080014ec                CAN_SendFrame
 .text.CAN_ReceiveCallback
                0x0000000008001518       0x78 ./Drivers/CAN_LIB/src/CAN_LIB.o
                0x0000000008001518                CAN_ReceiveCallback
 .text.CAN_TxCompleteCallback
                0x0000000008001590       0x28 ./Drivers/CAN_LIB/src/CAN_LIB.o
                0x0000000008001590                CAN_TxCompleteCallback
 .text.CAN_HW_Init
                0x00000000080015b8       0x84 ./Drivers/CAN_LIB/src/CAN_LIB_HW.o
                0x00000000080015b8                CAN_HW_Init
 .text.CAN_HW_GetTickMs
                0x000000000800163c        0xe ./Drivers/CAN_LIB/src/CAN_LIB_HW.o
                0x000000000800163c                CAN_HW_GetTickMs
 *fill*         0x000000000800164a        0x2 
 .text.CAN_HW_SendFrame
                0x000000000800164c       0xc4 ./Drivers/CAN_LIB/src/CAN_LIB_HW.o
                0x000000000800164c                CAN_HW_SendFrame
 .text.HAL_CAN_TxMailbox0CompleteCallback
                0x0000000008001710       0x20 ./Drivers/CAN_LIB/src/CAN_LIB_HW.o
                0x0000000008001710                HAL_CAN_TxMailbox0CompleteCallback
 .text.HAL_CAN_TxMailbox0AbortCallback
                0x0000000008001730       0x20 ./Drivers/CAN_LIB/src/CAN_LIB_HW.o
                0x0000000008001730                HAL_CAN_TxMailbox0AbortCallback
 .text.HAL_CAN_RxFifo0MsgPendingCallback
                0x0000000008001750       0x40 ./Drivers/CAN_LIB/src/CAN_LIB_HW.o
                0x0000000008001750                HAL_CAN_RxFifo0MsgPendingCallback
 .text.HAL_CAN_RxFifo0FullCallback
                0x0000000008001790       0x14 ./Drivers/CAN_LIB/src/CAN_LIB_HW.o
                0x0000000008001790                HAL_CAN_RxFifo0FullCallback
 .text.HAL_CAN_ErrorCallback
                0x00000000080017a4       0x60 ./Drivers/CAN_LIB/src/CAN_LIB_HW.o
                0x00000000080017a4                HAL_CAN_ErrorCallback
 .text.HAL_Init
                0x0000000008001804       0x2c ./Drivers/STM32F3xx_HAL_Driver/Src/stm32f3xx_hal.o
                0x0000000008001804                HAL_Init
 .text.HAL_InitTick
                0x0000000008001830       0x60 ./Drivers/STM32F3xx_HAL_Driver/Src/stm32f3xx_hal.o
                0x0000000008001830                HAL_InitTick
 .text.HAL_IncTick
                0x0000000008001890       0x28 ./Drivers/STM32F3xx_HAL_Driver/Src/stm32f3xx_hal.o
                0x0000000008001890                HAL_IncTick
 .text.HAL_GetTick
                0x00000000080018b8       0x18 ./Drivers/STM32F3xx_HAL_Driver/Src/stm32f3xx_hal.o
                0x00000000080018b8                HAL_GetTick
 .text.HAL_ADC_LevelOutOfWindowCallback
                0x00000000080018d0       0x14 ./Drivers/STM32F3xx_HAL_Driver/Src/stm32f3xx_hal_adc.o
                0x00000000080018d0                HAL_ADC_LevelOutOfWindowCallback
 .text.HAL_ADC_ErrorCallback
                0x00000000080018e4       0x14 ./Drivers/STM32F3xx_HAL_Driver/Src/stm32f3xx_hal_adc.o
                0x00000000080018e4                HAL_ADC_ErrorCallback
 .text.HAL_ADC_Init
                0x00000000080018f8      0x3c0 ./Drivers/STM32F3xx_HAL_Driver/Src/stm32f3xx_hal_adc_ex.o
                0x00000000080018f8                HAL_ADC_Init
 .text.HAL_ADC_Start_IT
                0x0000000008001cb8      0x280 ./Drivers/STM32F3xx_HAL_Driver/Src/stm32f3xx_hal_adc_ex.o
                0x0000000008001cb8                HAL_ADC_Start_IT
 .text.HAL_ADC_GetValue
                0x0000000008001f38       0x1a ./Drivers/STM32F3xx_HAL_Driver/Src/stm32f3xx_hal_adc_ex.o
                0x0000000008001f38                HAL_ADC_GetValue
 *fill*         0x0000000008001f52        0x2 
 .text.HAL_ADC_IRQHandler
                0x0000000008001f54      0x5cc ./Drivers/STM32F3xx_HAL_Driver/Src/stm32f3xx_hal_adc_ex.o
                0x0000000008001f54                HAL_ADC_IRQHandler
 .text.HAL_ADCEx_Calibration_Start
                0x0000000008002520       0xe4 ./Drivers/STM32F3xx_HAL_Driver/Src/stm32f3xx_hal_adc_ex.o
                0x0000000008002520                HAL_ADCEx_Calibration_Start
 .text.HAL_ADCEx_InjectedConvCpltCallback
                0x0000000008002604       0x14 ./Drivers/STM32F3xx_HAL_Driver/Src/stm32f3xx_hal_adc_ex.o
                0x0000000008002604                HAL_ADCEx_InjectedConvCpltCallback
 .text.HAL_ADCEx_InjectedQueueOverflowCallback
                0x0000000008002618       0x14 ./Drivers/STM32F3xx_HAL_Driver/Src/stm32f3xx_hal_adc_ex.o
                0x0000000008002618                HAL_ADCEx_InjectedQueueOverflowCallback
 .text.HAL_ADCEx_LevelOutOfWindow2Callback
                0x000000000800262c       0x14 ./Drivers/STM32F3xx_HAL_Driver/Src/stm32f3xx_hal_adc_ex.o
                0x000000000800262c                HAL_ADCEx_LevelOutOfWindow2Callback
 .text.HAL_ADCEx_LevelOutOfWindow3Callback
                0x0000000008002640       0x14 ./Drivers/STM32F3xx_HAL_Driver/Src/stm32f3xx_hal_adc_ex.o
                0x0000000008002640                HAL_ADCEx_LevelOutOfWindow3Callback
 .text.HAL_ADC_ConfigChannel
                0x0000000008002654      0x5d4 ./Drivers/STM32F3xx_HAL_Driver/Src/stm32f3xx_hal_adc_ex.o
                0x0000000008002654                HAL_ADC_ConfigChannel
 .text.HAL_ADCEx_MultiModeConfigChannel
                0x0000000008002c28      0x1e4 ./Drivers/STM32F3xx_HAL_Driver/Src/stm32f3xx_hal_adc_ex.o
                0x0000000008002c28                HAL_ADCEx_MultiModeConfigChannel
 .text.ADC_Enable
                0x0000000008002e0c       0xc8 ./Drivers/STM32F3xx_HAL_Driver/Src/stm32f3xx_hal_adc_ex.o
 .text.ADC_Disable
                0x0000000008002ed4       0xcc ./Drivers/STM32F3xx_HAL_Driver/Src/stm32f3xx_hal_adc_ex.o
 .text.HAL_CAN_Init
                0x0000000008002fa0      0x1f6 ./Drivers/STM32F3xx_HAL_Driver/Src/stm32f3xx_hal_can.o
                0x0000000008002fa0                HAL_CAN_Init
 .text.HAL_CAN_ConfigFilter
                0x0000000008003196      0x194 ./Drivers/STM32F3xx_HAL_Driver/Src/stm32f3xx_hal_can.o
                0x0000000008003196                HAL_CAN_ConfigFilter
 .text.HAL_CAN_Start
                0x000000000800332a       0x88 ./Drivers/STM32F3xx_HAL_Driver/Src/stm32f3xx_hal_can.o
                0x000000000800332a                HAL_CAN_Start
 .text.HAL_CAN_GetRxMessage
                0x00000000080033b2      0x244 ./Drivers/STM32F3xx_HAL_Driver/Src/stm32f3xx_hal_can.o
                0x00000000080033b2                HAL_CAN_GetRxMessage
 .text.HAL_CAN_ActivateNotification
                0x00000000080035f6       0x4c ./Drivers/STM32F3xx_HAL_Driver/Src/stm32f3xx_hal_can.o
                0x00000000080035f6                HAL_CAN_ActivateNotification
 .text.HAL_CAN_IRQHandler
                0x0000000008003642      0x36e ./Drivers/STM32F3xx_HAL_Driver/Src/stm32f3xx_hal_can.o
                0x0000000008003642                HAL_CAN_IRQHandler
 .text.HAL_CAN_TxMailbox1CompleteCallback
                0x00000000080039b0       0x14 ./Drivers/STM32F3xx_HAL_Driver/Src/stm32f3xx_hal_can.o
                0x00000000080039b0                HAL_CAN_TxMailbox1CompleteCallback
 .text.HAL_CAN_TxMailbox2CompleteCallback
                0x00000000080039c4       0x14 ./Drivers/STM32F3xx_HAL_Driver/Src/stm32f3xx_hal_can.o
                0x00000000080039c4                HAL_CAN_TxMailbox2CompleteCallback
 .text.HAL_CAN_TxMailbox1AbortCallback
                0x00000000080039d8       0x14 ./Drivers/STM32F3xx_HAL_Driver/Src/stm32f3xx_hal_can.o
                0x00000000080039d8                HAL_CAN_TxMailbox1AbortCallback
 .text.HAL_CAN_TxMailbox2AbortCallback
                0x00000000080039ec       0x14 ./Drivers/STM32F3xx_HAL_Driver/Src/stm32f3xx_hal_can.o
                0x00000000080039ec                HAL_CAN_TxMailbox2AbortCallback
 .text.HAL_CAN_RxFifo1MsgPendingCallback
                0x0000000008003a00       0x14 ./Drivers/STM32F3xx_HAL_Driver/Src/stm32f3xx_hal_can.o
                0x0000000008003a00                HAL_CAN_RxFifo1MsgPendingCallback
 .text.HAL_CAN_RxFifo1FullCallback
                0x0000000008003a14       0x14 ./Drivers/STM32F3xx_HAL_Driver/Src/stm32f3xx_hal_can.o
                0x0000000008003a14                HAL_CAN_RxFifo1FullCallback
 .text.HAL_CAN_SleepCallback
                0x0000000008003a28       0x14 ./Drivers/STM32F3xx_HAL_Driver/Src/stm32f3xx_hal_can.o
                0x0000000008003a28                HAL_CAN_SleepCallback
 .text.HAL_CAN_WakeUpFromRxMsgCallback
                0x0000000008003a3c       0x14 ./Drivers/STM32F3xx_HAL_Driver/Src/stm32f3xx_hal_can.o
                0x0000000008003a3c                HAL_CAN_WakeUpFromRxMsgCallback
 .text.HAL_CAN_GetError
                0x0000000008003a50       0x18 ./Drivers/STM32F3xx_HAL_Driver/Src/stm32f3xx_hal_can.o
                0x0000000008003a50                HAL_CAN_GetError
 .text.HAL_CAN_ResetError
                0x0000000008003a68       0x46 ./Drivers/STM32F3xx_HAL_Driver/Src/stm32f3xx_hal_can.o
                0x0000000008003a68                HAL_CAN_ResetError
 *fill*         0x0000000008003aae        0x2 
 .text.__NVIC_SetPriorityGrouping
                0x0000000008003ab0       0x48 ./Drivers/STM32F3xx_HAL_Driver/Src/stm32f3xx_hal_cortex.o
 .text.__NVIC_GetPriorityGrouping
                0x0000000008003af8       0x1c ./Drivers/STM32F3xx_HAL_Driver/Src/stm32f3xx_hal_cortex.o
 .text.__NVIC_EnableIRQ
                0x0000000008003b14       0x3c ./Drivers/STM32F3xx_HAL_Driver/Src/stm32f3xx_hal_cortex.o
 .text.__NVIC_SetPriority
                0x0000000008003b50       0x54 ./Drivers/STM32F3xx_HAL_Driver/Src/stm32f3xx_hal_cortex.o
 .text.NVIC_EncodePriority
                0x0000000008003ba4       0x66 ./Drivers/STM32F3xx_HAL_Driver/Src/stm32f3xx_hal_cortex.o
 *fill*         0x0000000008003c0a        0x2 
 .text.SysTick_Config
                0x0000000008003c0c       0x44 ./Drivers/STM32F3xx_HAL_Driver/Src/stm32f3xx_hal_cortex.o
 .text.HAL_NVIC_SetPriorityGrouping
                0x0000000008003c50       0x16 ./Drivers/STM32F3xx_HAL_Driver/Src/stm32f3xx_hal_cortex.o
                0x0000000008003c50                HAL_NVIC_SetPriorityGrouping
 .text.HAL_NVIC_SetPriority
                0x0000000008003c66       0x38 ./Drivers/STM32F3xx_HAL_Driver/Src/stm32f3xx_hal_cortex.o
                0x0000000008003c66                HAL_NVIC_SetPriority
 .text.HAL_NVIC_EnableIRQ
                0x0000000008003c9e       0x1c ./Drivers/STM32F3xx_HAL_Driver/Src/stm32f3xx_hal_cortex.o
                0x0000000008003c9e                HAL_NVIC_EnableIRQ
 .text.HAL_SYSTICK_Config
                0x0000000008003cba       0x18 ./Drivers/STM32F3xx_HAL_Driver/Src/stm32f3xx_hal_cortex.o
                0x0000000008003cba                HAL_SYSTICK_Config
 *fill*         0x0000000008003cd2        0x2 
 .text.HAL_GPIO_Init
                0x0000000008003cd4      0x2f4 ./Drivers/STM32F3xx_HAL_Driver/Src/stm32f3xx_hal_gpio.o
                0x0000000008003cd4                HAL_GPIO_Init
 .text.HAL_GPIO_WritePin
                0x0000000008003fc8       0x30 ./Drivers/STM32F3xx_HAL_Driver/Src/stm32f3xx_hal_gpio.o
                0x0000000008003fc8                HAL_GPIO_WritePin
 .text.HAL_GPIO_TogglePin
                0x0000000008003ff8       0x34 ./Drivers/STM32F3xx_HAL_Driver/Src/stm32f3xx_hal_gpio.o
                0x0000000008003ff8                HAL_GPIO_TogglePin
 .text.HAL_OPAMP_Init
                0x000000000800402c      0x148 ./Drivers/STM32F3xx_HAL_Driver/Src/stm32f3xx_hal_opamp.o
                0x000000000800402c                HAL_OPAMP_Init
 .text.HAL_OPAMP_Start
                0x0000000008004174       0x62 ./Drivers/STM32F3xx_HAL_Driver/Src/stm32f3xx_hal_opamp.o
                0x0000000008004174                HAL_OPAMP_Start
 *fill*         0x00000000080041d6        0x2 
 .text.HAL_RCC_OscConfig
                0x00000000080041d8     0x107c ./Drivers/STM32F3xx_HAL_Driver/Src/stm32f3xx_hal_rcc.o
                0x00000000080041d8                HAL_RCC_OscConfig
 .text.HAL_RCC_ClockConfig
                0x0000000008005254      0x2f8 ./Drivers/STM32F3xx_HAL_Driver/Src/stm32f3xx_hal_rcc.o
                0x0000000008005254                HAL_RCC_ClockConfig
 .text.HAL_RCC_GetSysClockFreq
                0x000000000800554c       0xd8 ./Drivers/STM32F3xx_HAL_Driver/Src/stm32f3xx_hal_rcc.o
                0x000000000800554c                HAL_RCC_GetSysClockFreq
 .text.HAL_RCCEx_PeriphCLKConfig
                0x0000000008005624      0x360 ./Drivers/STM32F3xx_HAL_Driver/Src/stm32f3xx_hal_rcc_ex.o
                0x0000000008005624                HAL_RCCEx_PeriphCLKConfig
 .text.HAL_TIM_Base_Init
                0x0000000008005984       0xae ./Drivers/STM32F3xx_HAL_Driver/Src/stm32f3xx_hal_tim.o
                0x0000000008005984                HAL_TIM_Base_Init
 .text.HAL_TIM_ConfigClockSource
                0x0000000008005a32      0x192 ./Drivers/STM32F3xx_HAL_Driver/Src/stm32f3xx_hal_tim.o
                0x0000000008005a32                HAL_TIM_ConfigClockSource
 .text.TIM_Base_SetConfig
                0x0000000008005bc4      0x120 ./Drivers/STM32F3xx_HAL_Driver/Src/stm32f3xx_hal_tim.o
                0x0000000008005bc4                TIM_Base_SetConfig
 .text.TIM_TI1_ConfigInputStage
                0x0000000008005ce4       0x5e ./Drivers/STM32F3xx_HAL_Driver/Src/stm32f3xx_hal_tim.o
 .text.TIM_TI2_ConfigInputStage
                0x0000000008005d42       0x60 ./Drivers/STM32F3xx_HAL_Driver/Src/stm32f3xx_hal_tim.o
 .text.TIM_ITRx_SetConfig
                0x0000000008005da2       0x36 ./Drivers/STM32F3xx_HAL_Driver/Src/stm32f3xx_hal_tim.o
 .text.TIM_ETR_SetConfig
                0x0000000008005dd8       0x40 ./Drivers/STM32F3xx_HAL_Driver/Src/stm32f3xx_hal_tim.o
                0x0000000008005dd8                TIM_ETR_SetConfig
 .text.HAL_TIMEx_MasterConfigSynchronization
                0x0000000008005e18      0x100 ./Drivers/STM32F3xx_HAL_Driver/Src/stm32f3xx_hal_tim_ex.o
                0x0000000008005e18                HAL_TIMEx_MasterConfigSynchronization
 .text.memset   0x0000000008005f18       0x10 C:/ST/STM32CubeIDE_1.10.1/STM32CubeIDE/plugins/com.st.stm32cube.ide.mcu.externaltools.gnu-tools-for-stm32.11.3.rel1.win32_1.1.100.202309141235/tools/bin/../lib/gcc/arm-none-eabi/11.3.1/../../../../arm-none-eabi/lib/thumb/v7e-m+fp/hard\libc_nano.a(libc_a-memset.o)
                0x0000000008005f18                memset
 .text.__libc_init_array
                0x0000000008005f28       0x48 C:/ST/STM32CubeIDE_1.10.1/STM32CubeIDE/plugins/com.st.stm32cube.ide.mcu.externaltools.gnu-tools-for-stm32.11.3.rel1.win32_1.1.100.202309141235/tools/bin/../lib/gcc/arm-none-eabi/11.3.1/../../../../arm-none-eabi/lib/thumb/v7e-m+fp/hard\libc_nano.a(libc_a-init.o)
                0x0000000008005f28                __libc_init_array
 .text.memcpy   0x0000000008005f70       0x1c C:/ST/STM32CubeIDE_1.10.1/STM32CubeIDE/plugins/com.st.stm32cube.ide.mcu.externaltools.gnu-tools-for-stm32.11.3.rel1.win32_1.1.100.202309141235/tools/bin/../lib/gcc/arm-none-eabi/11.3.1/../../../../arm-none-eabi/lib/thumb/v7e-m+fp/hard\libc_nano.a(libc_a-memcpy-stub.o)
                0x0000000008005f70                memcpy
 *(.glue_7)
 .glue_7        0x0000000008005f8c        0x0 linker stubs
 *(.glue_7t)
 .glue_7t       0x0000000008005f8c        0x0 linker stubs
 *(.eh_frame)
 .eh_frame      0x0000000008005f8c        0x0 C:/ST/STM32CubeIDE_1.10.1/STM32CubeIDE/plugins/com.st.stm32cube.ide.mcu.externaltools.gnu-tools-for-stm32.11.3.rel1.win32_1.1.100.202309141235/tools/bin/../lib/gcc/arm-none-eabi/11.3.1/thumb/v7e-m+fp/hard/crtbegin.o
 *(.init)
 .init          0x0000000008005f8c        0x4 C:/ST/STM32CubeIDE_1.10.1/STM32CubeIDE/plugins/com.st.stm32cube.ide.mcu.externaltools.gnu-tools-for-stm32.11.3.rel1.win32_1.1.100.202309141235/tools/bin/../lib/gcc/arm-none-eabi/11.3.1/thumb/v7e-m+fp/hard/crti.o
                0x0000000008005f8c                _init
 .init          0x0000000008005f90        0x8 C:/ST/STM32CubeIDE_1.10.1/STM32CubeIDE/plugins/com.st.stm32cube.ide.mcu.externaltools.gnu-tools-for-stm32.11.3.rel1.win32_1.1.100.202309141235/tools/bin/../lib/gcc/arm-none-eabi/11.3.1/thumb/v7e-m+fp/hard/crtn.o
 *(.fini)
 .fini          0x0000000008005f98        0x4 C:/ST/STM32CubeIDE_1.10.1/STM32CubeIDE/plugins/com.st.stm32cube.ide.mcu.externaltools.gnu-tools-for-stm32.11.3.rel1.win32_1.1.100.202309141235/tools/bin/../lib/gcc/arm-none-eabi/11.3.1/thumb/v7e-m+fp/hard/crti.o
                0x0000000008005f98                _fini
 .fini          0x0000000008005f9c        0x8 C:/ST/STM32CubeIDE_1.10.1/STM32CubeIDE/plugins/com.st.stm32cube.ide.mcu.externaltools.gnu-tools-for-stm32.11.3.rel1.win32_1.1.100.202309141235/tools/bin/../lib/gcc/arm-none-eabi/11.3.1/thumb/v7e-m+fp/hard/crtn.o
                0x0000000008005fa4                . = ALIGN (0x4)
                0x0000000008005fa4                _etext = .

.vfp11_veneer   0x0000000008005fa4        0x0
 .vfp11_veneer  0x0000000008005fa4        0x0 linker stubs

.v4_bx          0x0000000008005fa4        0x0
 .v4_bx         0x0000000008005fa4        0x0 linker stubs

.iplt           0x0000000008005fa4        0x0
 .iplt          0x0000000008005fa4        0x0 C:/ST/STM32CubeIDE_1.10.1/STM32CubeIDE/plugins/com.st.stm32cube.ide.mcu.externaltools.gnu-tools-for-stm32.11.3.rel1.win32_1.1.100.202309141235/tools/bin/../lib/gcc/arm-none-eabi/11.3.1/thumb/v7e-m+fp/hard/crtbegin.o

.rodata         0x0000000008005fa4       0x30
                0x0000000008005fa4                . = ALIGN (0x4)
 *(.rodata)
 *(.rodata*)
 .rodata.AHBPrescTable
                0x0000000008005fa4       0x10 ./Core/Src/system_stm32f3xx.o
                0x0000000008005fa4                AHBPrescTable
 .rodata.aPLLMULFactorTable
                0x0000000008005fb4       0x10 ./Drivers/STM32F3xx_HAL_Driver/Src/stm32f3xx_hal_rcc.o
 .rodata.aPredivFactorTable
                0x0000000008005fc4       0x10 ./Drivers/STM32F3xx_HAL_Driver/Src/stm32f3xx_hal_rcc.o
                0x0000000008005fd4                . = ALIGN (0x4)

.rel.dyn        0x0000000008005fd4        0x0
 .rel.iplt      0x0000000008005fd4        0x0 C:/ST/STM32CubeIDE_1.10.1/STM32CubeIDE/plugins/com.st.stm32cube.ide.mcu.externaltools.gnu-tools-for-stm32.11.3.rel1.win32_1.1.100.202309141235/tools/bin/../lib/gcc/arm-none-eabi/11.3.1/thumb/v7e-m+fp/hard/crtbegin.o

.ARM.extab      0x0000000008005fd4        0x0
                0x0000000008005fd4                . = ALIGN (0x4)
 *(.ARM.extab* .gnu.linkonce.armextab.*)
                0x0000000008005fd4                . = ALIGN (0x4)

.ARM            0x0000000008005fd4        0x0
                0x0000000008005fd4                . = ALIGN (0x4)
                0x0000000008005fd4                __exidx_start = .
 *(.ARM.exidx*)
                0x0000000008005fd4                __exidx_end = .
                0x0000000008005fd4                . = ALIGN (0x4)

.preinit_array  0x0000000008005fd4        0x0
                0x0000000008005fd4                . = ALIGN (0x4)
                0x0000000008005fd4                PROVIDE (__preinit_array_start = .)
 *(.preinit_array*)
                0x0000000008005fd4                PROVIDE (__preinit_array_end = .)
                0x0000000008005fd4                . = ALIGN (0x4)

.init_array     0x0000000008005fd4        0x4
                0x0000000008005fd4                . = ALIGN (0x4)
                0x0000000008005fd4                PROVIDE (__init_array_start = .)
 *(SORT_BY_NAME(.init_array.*))
 *(.init_array*)
 .init_array    0x0000000008005fd4        0x4 C:/ST/STM32CubeIDE_1.10.1/STM32CubeIDE/plugins/com.st.stm32cube.ide.mcu.externaltools.gnu-tools-for-stm32.11.3.rel1.win32_1.1.100.202309141235/tools/bin/../lib/gcc/arm-none-eabi/11.3.1/thumb/v7e-m+fp/hard/crtbegin.o
                0x0000000008005fd8                PROVIDE (__init_array_end = .)
                0x0000000008005fd8                . = ALIGN (0x4)

.fini_array     0x0000000008005fd8        0x4
                0x0000000008005fd8                . = ALIGN (0x4)
                [!provide]                        PROVIDE (__fini_array_start = .)
 *(SORT_BY_NAME(.fini_array.*))
 *(.fini_array*)
 .fini_array    0x0000000008005fd8        0x4 C:/ST/STM32CubeIDE_1.10.1/STM32CubeIDE/plugins/com.st.stm32cube.ide.mcu.externaltools.gnu-tools-for-stm32.11.3.rel1.win32_1.1.100.202309141235/tools/bin/../lib/gcc/arm-none-eabi/11.3.1/thumb/v7e-m+fp/hard/crtbegin.o
                [!provide]                        PROVIDE (__fini_array_end = .)
                0x0000000008005fdc                . = ALIGN (0x4)
                0x0000000008005fdc                _sidata = LOADADDR (.data)

.data           0x0000000020000000        0xc load address 0x0000000008005fdc
                0x0000000020000000                . = ALIGN (0x4)
                0x0000000020000000                _sdata = .
 *(.data)
 *(.data*)
 .data.SystemCoreClock
                0x0000000020000000        0x4 ./Core/Src/system_stm32f3xx.o
                0x0000000020000000                SystemCoreClock
 .data.uwTickPrio
                0x0000000020000004        0x4 ./Drivers/STM32F3xx_HAL_Driver/Src/stm32f3xx_hal.o
                0x0000000020000004                uwTickPrio
 .data.uwTickFreq
                0x0000000020000008        0x1 ./Drivers/STM32F3xx_HAL_Driver/Src/stm32f3xx_hal.o
                0x0000000020000008                uwTickFreq
 *(.RamFunc)
 *(.RamFunc*)
                0x000000002000000c                . = ALIGN (0x4)
 *fill*         0x0000000020000009        0x3 
                0x000000002000000c                _edata = .
                0x0000000008005fe8                _siccmram = LOADADDR (.ccmram)

.igot.plt       0x000000002000000c        0x0 load address 0x0000000008005fe8
 .igot.plt      0x000000002000000c        0x0 C:/ST/STM32CubeIDE_1.10.1/STM32CubeIDE/plugins/com.st.stm32cube.ide.mcu.externaltools.gnu-tools-for-stm32.11.3.rel1.win32_1.1.100.202309141235/tools/bin/../lib/gcc/arm-none-eabi/11.3.1/thumb/v7e-m+fp/hard/crtbegin.o

.ccmram         0x0000000010000000        0x0 load address 0x0000000008005fe8
                0x0000000010000000                . = ALIGN (0x4)
                0x0000000010000000                _sccmram = .
 *(.ccmram)
 *(.ccmram*)
                0x0000000010000000                . = ALIGN (0x4)
                0x0000000010000000                _eccmram = .
                0x0000000010000000                . = ALIGN (0x4)

.bss            0x000000002000000c      0x44c
                0x000000002000000c                _sbss = .
                0x000000002000000c                __bss_start__ = _sbss
 *(.bss)
 .bss           0x000000002000000c       0x1c C:/ST/STM32CubeIDE_1.10.1/STM32CubeIDE/plugins/com.st.stm32cube.ide.mcu.externaltools.gnu-tools-for-stm32.11.3.rel1.win32_1.1.100.202309141235/tools/bin/../lib/gcc/arm-none-eabi/11.3.1/thumb/v7e-m+fp/hard/crtbegin.o
 *(.bss*)
 .bss.adcValue  0x0000000020000028        0x2 ./Core/Src/ADC_Handler.o
                0x0000000020000028                adcValue
 *fill*         0x000000002000002a        0x2 
 .bss.gearbox   0x000000002000002c       0x28 ./Core/Src/Application.o
                0x000000002000002c                gearbox
 .bss.clutch_data.0
                0x0000000020000054        0x1 ./Core/Src/Application.o
 *fill*         0x0000000020000055        0x3 
 .bss.cf_gear_up
                0x0000000020000058       0x20 ./Core/Src/CAN_Handler.o
                0x0000000020000058                cf_gear_up
 .bss.cf_gear_down
                0x0000000020000078       0x20 ./Core/Src/CAN_Handler.o
                0x0000000020000078                cf_gear_down
 .bss.cf_clutch
                0x0000000020000098       0x20 ./Core/Src/CAN_Handler.o
                0x0000000020000098                cf_clutch
 .bss.cf_gmu1   0x00000000200000b8       0x20 ./Core/Src/CAN_Handler.o
                0x00000000200000b8                cf_gmu1
 .bss.cf_gmu2   0x00000000200000d8       0x20 ./Core/Src/CAN_Handler.o
                0x00000000200000d8                cf_gmu2
 .bss.last_tick.2
                0x00000000200000f8        0x4 ./Core/Src/CAN_Handler.o
 .bss.last_tick.1
                0x00000000200000fc        0x4 ./Core/Src/CAN_Handler.o
 .bss.last_tick.0
                0x0000000020000100        0x4 ./Core/Src/CAN_Handler.o
 .bss.cipa      0x0000000020000104        0x4 ./Core/Src/Gearbox.o
 .bss.hadc1     0x0000000020000108       0x50 ./Core/Src/adc.o
                0x0000000020000108                hadc1
 .bss.hcan      0x0000000020000158       0x28 ./Core/Src/can.o
                0x0000000020000158                hcan
 .bss.hopamp1   0x0000000020000180       0x34 ./Core/Src/opamp.o
                0x0000000020000180                hopamp1
 .bss.htim2     0x00000000200001b4       0x4c ./Core/Src/tim.o
                0x00000000200001b4                htim2
 .bss.CAN_RxCallback
                0x0000000020000200        0x4 ./Drivers/CAN_LIB/src/CAN_LIB.o
                0x0000000020000200                CAN_RxCallback
 .bss.FIFO_CAN_TX
                0x0000000020000204      0x198 ./Drivers/CAN_LIB/src/CAN_LIB.o
                0x0000000020000204                FIFO_CAN_TX
 .bss._can_info
                0x000000002000039c       0x58 ./Drivers/CAN_LIB/src/CAN_LIB.o
                0x000000002000039c                _can_info
 .bss.retransmision_counter
                0x00000000200003f4        0x1 ./Drivers/CAN_LIB/src/CAN_LIB_HW.o
                0x00000000200003f4                retransmision_counter
 *fill*         0x00000000200003f5        0x3 
 .bss.sFilterConfig.3
                0x00000000200003f8       0x28 ./Drivers/CAN_LIB/src/CAN_LIB_HW.o
 .bss.RxHeader.2
                0x0000000020000420       0x1c ./Drivers/CAN_LIB/src/CAN_LIB_HW.o
 .bss.msg.1     0x000000002000043c       0x14 ./Drivers/CAN_LIB/src/CAN_LIB_HW.o
 .bss.errorcode.0
                0x0000000020000450        0x4 ./Drivers/CAN_LIB/src/CAN_LIB_HW.o
 .bss.uwTick    0x0000000020000454        0x4 ./Drivers/STM32F3xx_HAL_Driver/Src/stm32f3xx_hal.o
                0x0000000020000454                uwTick
 *(COMMON)
                0x0000000020000458                . = ALIGN (0x4)
                0x0000000020000458                _ebss = .
                0x0000000020000458                __bss_end__ = _ebss

._user_heap_stack
                0x0000000020000458      0x600
                0x0000000020000458                . = ALIGN (0x8)
                [!provide]                        PROVIDE (end = .)
                0x0000000020000458                PROVIDE (_end = .)
                0x0000000020000658                . = (. + _Min_Heap_Size)
 *fill*         0x0000000020000458      0x200 
                0x0000000020000a58                . = (. + _Min_Stack_Size)
 *fill*         0x0000000020000658      0x400 
                0x0000000020000a58                . = ALIGN (0x8)

/DISCARD/
 libc.a(*)
 libm.a(*)
 libgcc.a(*)

.ARM.attributes
                0x0000000000000000       0x30
 *(.ARM.attributes)
 .ARM.attributes
                0x0000000000000000       0x1e C:/ST/STM32CubeIDE_1.10.1/STM32CubeIDE/plugins/com.st.stm32cube.ide.mcu.externaltools.gnu-tools-for-stm32.11.3.rel1.win32_1.1.100.202309141235/tools/bin/../lib/gcc/arm-none-eabi/11.3.1/thumb/v7e-m+fp/hard/crti.o
 .ARM.attributes
                0x000000000000001e       0x34 C:/ST/STM32CubeIDE_1.10.1/STM32CubeIDE/plugins/com.st.stm32cube.ide.mcu.externaltools.gnu-tools-for-stm32.11.3.rel1.win32_1.1.100.202309141235/tools/bin/../lib/gcc/arm-none-eabi/11.3.1/thumb/v7e-m+fp/hard/crtbegin.o
 .ARM.attributes
                0x0000000000000052       0x34 ./Core/Src/ADC_Handler.o
 .ARM.attributes
                0x0000000000000086       0x34 ./Core/Src/Application.o
 .ARM.attributes
                0x00000000000000ba       0x34 ./Core/Src/CAN_Handler.o
 .ARM.attributes
                0x00000000000000ee       0x34 ./Core/Src/Gearbox.o
 .ARM.attributes
                0x0000000000000122       0x34 ./Core/Src/adc.o
 .ARM.attributes
                0x0000000000000156       0x34 ./Core/Src/can.o
 .ARM.attributes
                0x000000000000018a       0x34 ./Core/Src/gpio.o
 .ARM.attributes
                0x00000000000001be       0x34 ./Core/Src/main.o
 .ARM.attributes
                0x00000000000001f2       0x34 ./Core/Src/opamp.o
 .ARM.attributes
                0x0000000000000226       0x34 ./Core/Src/stm32f3xx_hal_msp.o
 .ARM.attributes
                0x000000000000025a       0x34 ./Core/Src/stm32f3xx_it.o
 .ARM.attributes
                0x000000000000028e       0x34 ./Core/Src/system_stm32f3xx.o
 .ARM.attributes
                0x00000000000002c2       0x34 ./Core/Src/tim.o
 .ARM.attributes
                0x00000000000002f6       0x21 ./Core/Startup/startup_stm32f303cbtx.o
 .ARM.attributes
                0x0000000000000317       0x34 ./Drivers/CAN_LIB/src/CAN_FIFO.o
 .ARM.attributes
                0x000000000000034b       0x34 ./Drivers/CAN_LIB/src/CAN_LIB.o
 .ARM.attributes
                0x000000000000037f       0x34 ./Drivers/CAN_LIB/src/CAN_LIB_HW.o
 .ARM.attributes
                0x00000000000003b3       0x34 ./Drivers/STM32F3xx_HAL_Driver/Src/stm32f3xx_hal.o
 .ARM.attributes
                0x00000000000003e7       0x34 ./Drivers/STM32F3xx_HAL_Driver/Src/stm32f3xx_hal_adc.o
 .ARM.attributes
                0x000000000000041b       0x34 ./Drivers/STM32F3xx_HAL_Driver/Src/stm32f3xx_hal_adc_ex.o
 .ARM.attributes
                0x000000000000044f       0x34 ./Drivers/STM32F3xx_HAL_Driver/Src/stm32f3xx_hal_can.o
 .ARM.attributes
                0x0000000000000483       0x34 ./Drivers/STM32F3xx_HAL_Driver/Src/stm32f3xx_hal_cortex.o
 .ARM.attributes
                0x00000000000004b7       0x34 ./Drivers/STM32F3xx_HAL_Driver/Src/stm32f3xx_hal_gpio.o
 .ARM.attributes
                0x00000000000004eb       0x34 ./Drivers/STM32F3xx_HAL_Driver/Src/stm32f3xx_hal_opamp.o
 .ARM.attributes
                0x000000000000051f       0x34 ./Drivers/STM32F3xx_HAL_Driver/Src/stm32f3xx_hal_rcc.o
 .ARM.attributes
                0x0000000000000553       0x34 ./Drivers/STM32F3xx_HAL_Driver/Src/stm32f3xx_hal_rcc_ex.o
 .ARM.attributes
                0x0000000000000587       0x34 ./Drivers/STM32F3xx_HAL_Driver/Src/stm32f3xx_hal_tim.o
 .ARM.attributes
                0x00000000000005bb       0x34 ./Drivers/STM32F3xx_HAL_Driver/Src/stm32f3xx_hal_tim_ex.o
 .ARM.attributes
                0x00000000000005ef       0x34 C:/ST/STM32CubeIDE_1.10.1/STM32CubeIDE/plugins/com.st.stm32cube.ide.mcu.externaltools.gnu-tools-for-stm32.11.3.rel1.win32_1.1.100.202309141235/tools/bin/../lib/gcc/arm-none-eabi/11.3.1/../../../../arm-none-eabi/lib/thumb/v7e-m+fp/hard\libc_nano.a(libc_a-memset.o)
 .ARM.attributes
                0x0000000000000623       0x34 C:/ST/STM32CubeIDE_1.10.1/STM32CubeIDE/plugins/com.st.stm32cube.ide.mcu.externaltools.gnu-tools-for-stm32.11.3.rel1.win32_1.1.100.202309141235/tools/bin/../lib/gcc/arm-none-eabi/11.3.1/../../../../arm-none-eabi/lib/thumb/v7e-m+fp/hard\libc_nano.a(libc_a-init.o)
 .ARM.attributes
                0x0000000000000657       0x34 C:/ST/STM32CubeIDE_1.10.1/STM32CubeIDE/plugins/com.st.stm32cube.ide.mcu.externaltools.gnu-tools-for-stm32.11.3.rel1.win32_1.1.100.202309141235/tools/bin/../lib/gcc/arm-none-eabi/11.3.1/../../../../arm-none-eabi/lib/thumb/v7e-m+fp/hard\libc_nano.a(libc_a-memcpy-stub.o)
 .ARM.attributes
                0x000000000000068b       0x1e C:/ST/STM32CubeIDE_1.10.1/STM32CubeIDE/plugins/com.st.stm32cube.ide.mcu.externaltools.gnu-tools-for-stm32.11.3.rel1.win32_1.1.100.202309141235/tools/bin/../lib/gcc/arm-none-eabi/11.3.1/thumb/v7e-m+fp/hard/crtn.o
OUTPUT(GMU_2024.elf elf32-littlearm)
LOAD linker stubs
LOAD C:/ST/STM32CubeIDE_1.10.1/STM32CubeIDE/plugins/com.st.stm32cube.ide.mcu.externaltools.gnu-tools-for-stm32.11.3.rel1.win32_1.1.100.202309141235/tools/bin/../lib/gcc/arm-none-eabi/11.3.1/../../../../arm-none-eabi/lib/thumb/v7e-m+fp/hard\libc.a
LOAD C:/ST/STM32CubeIDE_1.10.1/STM32CubeIDE/plugins/com.st.stm32cube.ide.mcu.externaltools.gnu-tools-for-stm32.11.3.rel1.win32_1.1.100.202309141235/tools/bin/../lib/gcc/arm-none-eabi/11.3.1/../../../../arm-none-eabi/lib/thumb/v7e-m+fp/hard\libm.a
LOAD C:/ST/STM32CubeIDE_1.10.1/STM32CubeIDE/plugins/com.st.stm32cube.ide.mcu.externaltools.gnu-tools-for-stm32.11.3.rel1.win32_1.1.100.202309141235/tools/bin/../lib/gcc/arm-none-eabi/11.3.1/thumb/v7e-m+fp/hard\libgcc.a

.comment        0x0000000000000000       0x43
 .comment       0x0000000000000000       0x43 C:/ST/STM32CubeIDE_1.10.1/STM32CubeIDE/plugins/com.st.stm32cube.ide.mcu.externaltools.gnu-tools-for-stm32.11.3.rel1.win32_1.1.100.202309141235/tools/bin/../lib/gcc/arm-none-eabi/11.3.1/thumb/v7e-m+fp/hard/crtbegin.o
                                         0x44 (size before relaxing)
 .comment       0x0000000000000043       0x44 ./Core/Src/ADC_Handler.o
 .comment       0x0000000000000043       0x44 ./Core/Src/Application.o
 .comment       0x0000000000000043       0x44 ./Core/Src/CAN_Handler.o
 .comment       0x0000000000000043       0x44 ./Core/Src/Gearbox.o
 .comment       0x0000000000000043       0x44 ./Core/Src/adc.o
 .comment       0x0000000000000043       0x44 ./Core/Src/can.o
 .comment       0x0000000000000043       0x44 ./Core/Src/gpio.o
 .comment       0x0000000000000043       0x44 ./Core/Src/main.o
 .comment       0x0000000000000043       0x44 ./Core/Src/opamp.o
 .comment       0x0000000000000043       0x44 ./Core/Src/stm32f3xx_hal_msp.o
 .comment       0x0000000000000043       0x44 ./Core/Src/stm32f3xx_it.o
 .comment       0x0000000000000043       0x44 ./Core/Src/system_stm32f3xx.o
 .comment       0x0000000000000043       0x44 ./Core/Src/tim.o
 .comment       0x0000000000000043       0x44 ./Drivers/CAN_LIB/src/CAN_FIFO.o
 .comment       0x0000000000000043       0x44 ./Drivers/CAN_LIB/src/CAN_LIB.o
 .comment       0x0000000000000043       0x44 ./Drivers/CAN_LIB/src/CAN_LIB_HW.o
 .comment       0x0000000000000043       0x44 ./Drivers/STM32F3xx_HAL_Driver/Src/stm32f3xx_hal.o
 .comment       0x0000000000000043       0x44 ./Drivers/STM32F3xx_HAL_Driver/Src/stm32f3xx_hal_adc.o
 .comment       0x0000000000000043       0x44 ./Drivers/STM32F3xx_HAL_Driver/Src/stm32f3xx_hal_adc_ex.o
 .comment       0x0000000000000043       0x44 ./Drivers/STM32F3xx_HAL_Driver/Src/stm32f3xx_hal_can.o
 .comment       0x0000000000000043       0x44 ./Drivers/STM32F3xx_HAL_Driver/Src/stm32f3xx_hal_cortex.o
 .comment       0x0000000000000043       0x44 ./Drivers/STM32F3xx_HAL_Driver/Src/stm32f3xx_hal_gpio.o
 .comment       0x0000000000000043       0x44 ./Drivers/STM32F3xx_HAL_Driver/Src/stm32f3xx_hal_opamp.o
 .comment       0x0000000000000043       0x44 ./Drivers/STM32F3xx_HAL_Driver/Src/stm32f3xx_hal_rcc.o
 .comment       0x0000000000000043       0x44 ./Drivers/STM32F3xx_HAL_Driver/Src/stm32f3xx_hal_rcc_ex.o
 .comment       0x0000000000000043       0x44 ./Drivers/STM32F3xx_HAL_Driver/Src/stm32f3xx_hal_tim.o
 .comment       0x0000000000000043       0x44 ./Drivers/STM32F3xx_HAL_Driver/Src/stm32f3xx_hal_tim_ex.o

.debug_info     0x0000000000000000    0x10ff8
 .debug_info    0x0000000000000000      0x8c5 ./Core/Src/ADC_Handler.o
 .debug_info    0x00000000000008c5      0x4cc ./Core/Src/Application.o
 .debug_info    0x0000000000000d91      0x342 ./Core/Src/CAN_Handler.o
 .debug_info    0x00000000000010d3      0x6ca ./Core/Src/Gearbox.o
 .debug_info    0x000000000000179d      0xb05 ./Core/Src/adc.o
 .debug_info    0x00000000000022a2      0x99b ./Core/Src/can.o
 .debug_info    0x0000000000002c3d      0x321 ./Core/Src/gpio.o
 .debug_info    0x0000000000002f5e      0x401 ./Core/Src/main.o
 .debug_info    0x000000000000335f      0x4f6 ./Core/Src/opamp.o
 .debug_info    0x0000000000003855      0x18d ./Core/Src/stm32f3xx_hal_msp.o
 .debug_info    0x00000000000039e2      0xb03 ./Core/Src/stm32f3xx_it.o
 .debug_info    0x00000000000044e5      0x407 ./Core/Src/system_stm32f3xx.o
 .debug_info    0x00000000000048ec      0x8a0 ./Core/Src/tim.o
 .debug_info    0x000000000000518c       0x23 ./Core/Startup/startup_stm32f303cbtx.o
 .debug_info    0x00000000000051af      0x197 ./Drivers/CAN_LIB/src/CAN_FIFO.o
 .debug_info    0x0000000000005346      0x93a ./Drivers/CAN_LIB/src/CAN_LIB.o
 .debug_info    0x0000000000005c80      0x8a1 ./Drivers/CAN_LIB/src/CAN_LIB_HW.o
 .debug_info    0x0000000000006521      0x7d4 ./Drivers/STM32F3xx_HAL_Driver/Src/stm32f3xx_hal.o
 .debug_info    0x0000000000006cf5      0xb32 ./Drivers/STM32F3xx_HAL_Driver/Src/stm32f3xx_hal_adc.o
 .debug_info    0x0000000000007827     0x15b2 ./Drivers/STM32F3xx_HAL_Driver/Src/stm32f3xx_hal_adc_ex.o
 .debug_info    0x0000000000008dd9      0xf26 ./Drivers/STM32F3xx_HAL_Driver/Src/stm32f3xx_hal_can.o
 .debug_info    0x0000000000009cff      0xcaf ./Drivers/STM32F3xx_HAL_Driver/Src/stm32f3xx_hal_cortex.o
 .debug_info    0x000000000000a9ae      0x5fe ./Drivers/STM32F3xx_HAL_Driver/Src/stm32f3xx_hal_gpio.o
 .debug_info    0x000000000000afac      0x59b ./Drivers/STM32F3xx_HAL_Driver/Src/stm32f3xx_hal_opamp.o
 .debug_info    0x000000000000b547     0x14f1 ./Drivers/STM32F3xx_HAL_Driver/Src/stm32f3xx_hal_rcc.o
 .debug_info    0x000000000000ca38      0x601 ./Drivers/STM32F3xx_HAL_Driver/Src/stm32f3xx_hal_rcc_ex.o
 .debug_info    0x000000000000d039     0x2a52 ./Drivers/STM32F3xx_HAL_Driver/Src/stm32f3xx_hal_tim.o
 .debug_info    0x000000000000fa8b     0x156d ./Drivers/STM32F3xx_HAL_Driver/Src/stm32f3xx_hal_tim_ex.o

.debug_abbrev   0x0000000000000000     0x34ed
 .debug_abbrev  0x0000000000000000      0x1d5 ./Core/Src/ADC_Handler.o
 .debug_abbrev  0x00000000000001d5      0x1c3 ./Core/Src/Application.o
 .debug_abbrev  0x0000000000000398      0x163 ./Core/Src/CAN_Handler.o
 .debug_abbrev  0x00000000000004fb      0x23e ./Core/Src/Gearbox.o
 .debug_abbrev  0x0000000000000739      0x204 ./Core/Src/adc.o
 .debug_abbrev  0x000000000000093d      0x216 ./Core/Src/can.o
 .debug_abbrev  0x0000000000000b53      0x151 ./Core/Src/gpio.o
 .debug_abbrev  0x0000000000000ca4      0x1c3 ./Core/Src/main.o
 .debug_abbrev  0x0000000000000e67      0x1c3 ./Core/Src/opamp.o
 .debug_abbrev  0x000000000000102a       0xc6 ./Core/Src/stm32f3xx_hal_msp.o
 .debug_abbrev  0x00000000000010f0      0x1ef ./Core/Src/stm32f3xx_it.o
 .debug_abbrev  0x00000000000012df      0x11a ./Core/Src/system_stm32f3xx.o
 .debug_abbrev  0x00000000000013f9      0x1d8 ./Core/Src/tim.o
 .debug_abbrev  0x00000000000015d1       0x12 ./Core/Startup/startup_stm32f303cbtx.o
 .debug_abbrev  0x00000000000015e3      0x100 ./Drivers/CAN_LIB/src/CAN_FIFO.o
 .debug_abbrev  0x00000000000016e3      0x244 ./Drivers/CAN_LIB/src/CAN_LIB.o
 .debug_abbrev  0x0000000000001927      0x26d ./Drivers/CAN_LIB/src/CAN_LIB_HW.o
 .debug_abbrev  0x0000000000001b94      0x215 ./Drivers/STM32F3xx_HAL_Driver/Src/stm32f3xx_hal.o
 .debug_abbrev  0x0000000000001da9      0x186 ./Drivers/STM32F3xx_HAL_Driver/Src/stm32f3xx_hal_adc.o
 .debug_abbrev  0x0000000000001f2f      0x28e ./Drivers/STM32F3xx_HAL_Driver/Src/stm32f3xx_hal_adc_ex.o
 .debug_abbrev  0x00000000000021bd      0x23e ./Drivers/STM32F3xx_HAL_Driver/Src/stm32f3xx_hal_can.o
 .debug_abbrev  0x00000000000023fb      0x329 ./Drivers/STM32F3xx_HAL_Driver/Src/stm32f3xx_hal_cortex.o
 .debug_abbrev  0x0000000000002724      0x1ca ./Drivers/STM32F3xx_HAL_Driver/Src/stm32f3xx_hal_gpio.o
 .debug_abbrev  0x00000000000028ee      0x1bf ./Drivers/STM32F3xx_HAL_Driver/Src/stm32f3xx_hal_opamp.o
 .debug_abbrev  0x0000000000002aad      0x300 ./Drivers/STM32F3xx_HAL_Driver/Src/stm32f3xx_hal_rcc.o
 .debug_abbrev  0x0000000000002dad      0x245 ./Drivers/STM32F3xx_HAL_Driver/Src/stm32f3xx_hal_rcc_ex.o
 .debug_abbrev  0x0000000000002ff2      0x278 ./Drivers/STM32F3xx_HAL_Driver/Src/stm32f3xx_hal_tim.o
 .debug_abbrev  0x000000000000326a      0x283 ./Drivers/STM32F3xx_HAL_Driver/Src/stm32f3xx_hal_tim_ex.o

.debug_aranges  0x0000000000000000     0x1108
 .debug_aranges
                0x0000000000000000       0x30 ./Core/Src/ADC_Handler.o
 .debug_aranges
                0x0000000000000030       0x40 ./Core/Src/Application.o
 .debug_aranges
                0x0000000000000070       0x48 ./Core/Src/CAN_Handler.o
 .debug_aranges
                0x00000000000000b8       0xd8 ./Core/Src/Gearbox.o
 .debug_aranges
                0x0000000000000190       0x30 ./Core/Src/adc.o
 .debug_aranges
                0x00000000000001c0       0x30 ./Core/Src/can.o
 .debug_aranges
                0x00000000000001f0       0x20 ./Core/Src/gpio.o
 .debug_aranges
                0x0000000000000210       0x30 ./Core/Src/main.o
 .debug_aranges
                0x0000000000000240       0x30 ./Core/Src/opamp.o
 .debug_aranges
                0x0000000000000270       0x20 ./Core/Src/stm32f3xx_hal_msp.o
 .debug_aranges
                0x0000000000000290       0x88 ./Core/Src/stm32f3xx_it.o
 .debug_aranges
                0x0000000000000318       0x28 ./Core/Src/system_stm32f3xx.o
 .debug_aranges
                0x0000000000000340       0x30 ./Core/Src/tim.o
 .debug_aranges
                0x0000000000000370       0x28 ./Core/Startup/startup_stm32f303cbtx.o
 .debug_aranges
                0x0000000000000398       0x38 ./Drivers/CAN_LIB/src/CAN_FIFO.o
 .debug_aranges
                0x00000000000003d0       0xa8 ./Drivers/CAN_LIB/src/CAN_LIB.o
 .debug_aranges
                0x0000000000000478       0x58 ./Drivers/CAN_LIB/src/CAN_LIB_HW.o
 .debug_aranges
                0x00000000000004d0       0xe0 ./Drivers/STM32F3xx_HAL_Driver/Src/stm32f3xx_hal.o
 .debug_aranges
                0x00000000000005b0       0xc8 ./Drivers/STM32F3xx_HAL_Driver/Src/stm32f3xx_hal_adc.o
 .debug_aranges
                0x0000000000000678      0x168 ./Drivers/STM32F3xx_HAL_Driver/Src/stm32f3xx_hal_adc_ex.o
 .debug_aranges
                0x00000000000007e0      0x138 ./Drivers/STM32F3xx_HAL_Driver/Src/stm32f3xx_hal_can.o
 .debug_aranges
                0x0000000000000918      0x118 ./Drivers/STM32F3xx_HAL_Driver/Src/stm32f3xx_hal_cortex.o
 .debug_aranges
                0x0000000000000a30       0x58 ./Drivers/STM32F3xx_HAL_Driver/Src/stm32f3xx_hal_gpio.o
 .debug_aranges
                0x0000000000000a88       0x68 ./Drivers/STM32F3xx_HAL_Driver/Src/stm32f3xx_hal_opamp.o
 .debug_aranges
                0x0000000000000af0       0x88 ./Drivers/STM32F3xx_HAL_Driver/Src/stm32f3xx_hal_rcc.o
 .debug_aranges
                0x0000000000000b78       0x38 ./Drivers/STM32F3xx_HAL_Driver/Src/stm32f3xx_hal_rcc_ex.o
 .debug_aranges
                0x0000000000000bb0      0x3e0 ./Drivers/STM32F3xx_HAL_Driver/Src/stm32f3xx_hal_tim.o
 .debug_aranges
                0x0000000000000f90      0x178 ./Drivers/STM32F3xx_HAL_Driver/Src/stm32f3xx_hal_tim_ex.o

.debug_rnglists
                0x0000000000000000      0xce3
 .debug_rnglists
                0x0000000000000000       0x1f ./Core/Src/ADC_Handler.o
 .debug_rnglists
                0x000000000000001f       0x2b ./Core/Src/Application.o
 .debug_rnglists
                0x000000000000004a       0x32 ./Core/Src/CAN_Handler.o
 .debug_rnglists
                0x000000000000007c       0xa1 ./Core/Src/Gearbox.o
 .debug_rnglists
                0x000000000000011d       0x20 ./Core/Src/adc.o
 .debug_rnglists
                0x000000000000013d       0x20 ./Core/Src/can.o
 .debug_rnglists
                0x000000000000015d       0x14 ./Core/Src/gpio.o
 .debug_rnglists
                0x0000000000000171       0x20 ./Core/Src/main.o
 .debug_rnglists
                0x0000000000000191       0x1f ./Core/Src/opamp.o
 .debug_rnglists
                0x00000000000001b0       0x13 ./Core/Src/stm32f3xx_hal_msp.o
 .debug_rnglists
                0x00000000000001c3       0x61 ./Core/Src/stm32f3xx_it.o
 .debug_rnglists
                0x0000000000000224       0x1a ./Core/Src/system_stm32f3xx.o
 .debug_rnglists
                0x000000000000023e       0x20 ./Core/Src/tim.o
 .debug_rnglists
                0x000000000000025e       0x19 ./Core/Startup/startup_stm32f303cbtx.o
 .debug_rnglists
                0x0000000000000277       0x26 ./Drivers/CAN_LIB/src/CAN_FIFO.o
 .debug_rnglists
                0x000000000000029d       0x7f ./Drivers/CAN_LIB/src/CAN_LIB.o
 .debug_rnglists
                0x000000000000031c       0x3f ./Drivers/CAN_LIB/src/CAN_LIB_HW.o
 .debug_rnglists
                0x000000000000035b       0xa3 ./Drivers/STM32F3xx_HAL_Driver/Src/stm32f3xx_hal.o
 .debug_rnglists
                0x00000000000003fe       0x91 ./Drivers/STM32F3xx_HAL_Driver/Src/stm32f3xx_hal_adc.o
 .debug_rnglists
                0x000000000000048f      0x126 ./Drivers/STM32F3xx_HAL_Driver/Src/stm32f3xx_hal_adc_ex.o
 .debug_rnglists
                0x00000000000005b5       0xee ./Drivers/STM32F3xx_HAL_Driver/Src/stm32f3xx_hal_can.o
 .debug_rnglists
                0x00000000000006a3       0xce ./Drivers/STM32F3xx_HAL_Driver/Src/stm32f3xx_hal_cortex.o
 .debug_rnglists
                0x0000000000000771       0x3f ./Drivers/STM32F3xx_HAL_Driver/Src/stm32f3xx_hal_gpio.o
 .debug_rnglists
                0x00000000000007b0       0x4c ./Drivers/STM32F3xx_HAL_Driver/Src/stm32f3xx_hal_opamp.o
 .debug_rnglists
                0x00000000000007fc       0x66 ./Drivers/STM32F3xx_HAL_Driver/Src/stm32f3xx_hal_rcc.o
 .debug_rnglists
                0x0000000000000862       0x28 ./Drivers/STM32F3xx_HAL_Driver/Src/stm32f3xx_hal_rcc_ex.o
 .debug_rnglists
                0x000000000000088a      0x328 ./Drivers/STM32F3xx_HAL_Driver/Src/stm32f3xx_hal_tim.o
 .debug_rnglists
                0x0000000000000bb2      0x131 ./Drivers/STM32F3xx_HAL_Driver/Src/stm32f3xx_hal_tim_ex.o

.debug_macro    0x0000000000000000    0x1fba4
 .debug_macro   0x0000000000000000      0x22c ./Core/Src/ADC_Handler.o
 .debug_macro   0x000000000000022c      0xaa8 ./Core/Src/ADC_Handler.o
 .debug_macro   0x0000000000000cd4       0x28 ./Core/Src/ADC_Handler.o
 .debug_macro   0x0000000000000cfc       0x22 ./Core/Src/ADC_Handler.o
 .debug_macro   0x0000000000000d1e       0x8e ./Core/Src/ADC_Handler.o
 .debug_macro   0x0000000000000dac       0x51 ./Core/Src/ADC_Handler.o
 .debug_macro   0x0000000000000dfd      0x103 ./Core/Src/ADC_Handler.o
 .debug_macro   0x0000000000000f00       0x6a ./Core/Src/ADC_Handler.o
 .debug_macro   0x0000000000000f6a      0x1df ./Core/Src/ADC_Handler.o
 .debug_macro   0x0000000000001149       0x1c ./Core/Src/ADC_Handler.o
 .debug_macro   0x0000000000001165       0x22 ./Core/Src/ADC_Handler.o
 .debug_macro   0x0000000000001187       0xd9 ./Core/Src/ADC_Handler.o
 .debug_macro   0x0000000000001260     0x102d ./Core/Src/ADC_Handler.o
 .debug_macro   0x000000000000228d      0x11f ./Core/Src/ADC_Handler.o
 .debug_macro   0x00000000000023ac    0x12a3a ./Core/Src/ADC_Handler.o
 .debug_macro   0x0000000000014de6      0x163 ./Core/Src/ADC_Handler.o
 .debug_macro   0x0000000000014f49       0x2e ./Core/Src/ADC_Handler.o
 .debug_macro   0x0000000000014f77       0x6d ./Core/Src/ADC_Handler.o
 .debug_macro   0x0000000000014fe4     0x3558 ./Core/Src/ADC_Handler.o
 .debug_macro   0x000000000001853c      0x174 ./Core/Src/ADC_Handler.o
 .debug_macro   0x00000000000186b0       0x55 ./Core/Src/ADC_Handler.o
 .debug_macro   0x0000000000018705      0x961 ./Core/Src/ADC_Handler.o
 .debug_macro   0x0000000000019066      0x5fe ./Core/Src/ADC_Handler.o
 .debug_macro   0x0000000000019664      0x1b5 ./Core/Src/ADC_Handler.o
 .debug_macro   0x0000000000019819      0x1fb ./Core/Src/ADC_Handler.o
 .debug_macro   0x0000000000019a14      0x1dc ./Core/Src/ADC_Handler.o
 .debug_macro   0x0000000000019bf0      0x1bc ./Core/Src/ADC_Handler.o
 .debug_macro   0x0000000000019dac       0x30 ./Core/Src/ADC_Handler.o
 .debug_macro   0x0000000000019ddc       0x3c ./Core/Src/ADC_Handler.o
 .debug_macro   0x0000000000019e18      0x235 ./Core/Src/ADC_Handler.o
 .debug_macro   0x000000000001a04d      0x9b1 ./Core/Src/ADC_Handler.o
 .debug_macro   0x000000000001a9fe       0x77 ./Core/Src/ADC_Handler.o
 .debug_macro   0x000000000001aa75      0x408 ./Core/Src/ADC_Handler.o
 .debug_macro   0x000000000001ae7d       0xc5 ./Core/Src/ADC_Handler.o
 .debug_macro   0x000000000001af42      0x21d ./Core/Src/ADC_Handler.o
 .debug_macro   0x000000000001b15f      0x22c ./Core/Src/ADC_Handler.o
 .debug_macro   0x000000000001b38b       0x5b ./Core/Src/ADC_Handler.o
 .debug_macro   0x000000000001b3e6       0xa5 ./Core/Src/ADC_Handler.o
 .debug_macro   0x000000000001b48b      0x17d ./Core/Src/ADC_Handler.o
 .debug_macro   0x000000000001b608       0x81 ./Core/Src/ADC_Handler.o
 .debug_macro   0x000000000001b689       0xd3 ./Core/Src/ADC_Handler.o
 .debug_macro   0x000000000001b75c      0xa59 ./Core/Src/ADC_Handler.o
 .debug_macro   0x000000000001c1b5       0x89 ./Core/Src/ADC_Handler.o
 .debug_macro   0x000000000001c23e      0x275 ./Core/Src/ADC_Handler.o
 .debug_macro   0x000000000001c4b3       0x4c ./Core/Src/ADC_Handler.o
 .debug_macro   0x000000000001c4ff      0x265 ./Core/Src/Application.o
 .debug_macro   0x000000000001c764       0x22 ./Core/Src/Application.o
 .debug_macro   0x000000000001c786       0x10 ./Core/Src/Application.o
 .debug_macro   0x000000000001c796       0x10 ./Core/Src/Application.o
 .debug_macro   0x000000000001c7a6      0x217 ./Core/Src/CAN_Handler.o
 .debug_macro   0x000000000001c9bd      0x21d ./Core/Src/Gearbox.o
 .debug_macro   0x000000000001cbda      0x214 ./Core/Src/adc.o
 .debug_macro   0x000000000001cdee      0x214 ./Core/Src/can.o
 .debug_macro   0x000000000001d002      0x214 ./Core/Src/gpio.o
 .debug_macro   0x000000000001d216      0x240 ./Core/Src/main.o
 .debug_macro   0x000000000001d456      0x214 ./Core/Src/opamp.o
 .debug_macro   0x000000000001d66a      0x20a ./Core/Src/stm32f3xx_hal_msp.o
 .debug_macro   0x000000000001d874      0x214 ./Core/Src/stm32f3xx_it.o
 .debug_macro   0x000000000001da88      0x1fb ./Core/Src/system_stm32f3xx.o
 .debug_macro   0x000000000001dc83      0x214 ./Core/Src/tim.o
 .debug_macro   0x000000000001de97       0x57 ./Drivers/CAN_LIB/src/CAN_FIFO.o
 .debug_macro   0x000000000001deee       0x64 ./Drivers/CAN_LIB/src/CAN_FIFO.o
 .debug_macro   0x000000000001df52      0x311 ./Drivers/CAN_LIB/src/CAN_LIB.o
 .debug_macro   0x000000000001e263       0x10 ./Drivers/CAN_LIB/src/CAN_LIB.o
 .debug_macro   0x000000000001e273       0x10 ./Drivers/CAN_LIB/src/CAN_LIB.o
 .debug_macro   0x000000000001e283       0x61 ./Drivers/CAN_LIB/src/CAN_LIB.o
 .debug_macro   0x000000000001e2e4       0x10 ./Drivers/CAN_LIB/src/CAN_LIB.o
 .debug_macro   0x000000000001e2f4       0x20 ./Drivers/CAN_LIB/src/CAN_LIB.o
 .debug_macro   0x000000000001e314      0x23c ./Drivers/CAN_LIB/src/CAN_LIB_HW.o
 .debug_macro   0x000000000001e550      0x21f ./Drivers/STM32F3xx_HAL_Driver/Src/stm32f3xx_hal.o
 .debug_macro   0x000000000001e76f      0x1fc ./Drivers/STM32F3xx_HAL_Driver/Src/stm32f3xx_hal_adc.o
 .debug_macro   0x000000000001e96b      0x225 ./Drivers/STM32F3xx_HAL_Driver/Src/stm32f3xx_hal_adc_ex.o
 .debug_macro   0x000000000001eb90      0x203 ./Drivers/STM32F3xx_HAL_Driver/Src/stm32f3xx_hal_can.o
 .debug_macro   0x000000000001ed93      0x1fb ./Drivers/STM32F3xx_HAL_Driver/Src/stm32f3xx_hal_cortex.o
 .debug_macro   0x000000000001ef8e      0x202 ./Drivers/STM32F3xx_HAL_Driver/Src/stm32f3xx_hal_gpio.o
 .debug_macro   0x000000000001f190      0x203 ./Drivers/STM32F3xx_HAL_Driver/Src/stm32f3xx_hal_opamp.o
 .debug_macro   0x000000000001f393      0x21f ./Drivers/STM32F3xx_HAL_Driver/Src/stm32f3xx_hal_rcc.o
 .debug_macro   0x000000000001f5b2      0x1fb ./Drivers/STM32F3xx_HAL_Driver/Src/stm32f3xx_hal_rcc_ex.o
 .debug_macro   0x000000000001f7ad      0x1fc ./Drivers/STM32F3xx_HAL_Driver/Src/stm32f3xx_hal_tim.o
 .debug_macro   0x000000000001f9a9      0x1fb ./Drivers/STM32F3xx_HAL_Driver/Src/stm32f3xx_hal_tim_ex.o

.debug_line     0x0000000000000000    0x179a6
 .debug_line    0x0000000000000000      0x81a ./Core/Src/ADC_Handler.o
 .debug_line    0x000000000000081a      0x922 ./Core/Src/Application.o
 .debug_line    0x000000000000113c      0x90e ./Core/Src/CAN_Handler.o
 .debug_line    0x0000000000001a4a      0xce3 ./Core/Src/Gearbox.o
 .debug_line    0x000000000000272d      0x853 ./Core/Src/adc.o
 .debug_line    0x0000000000002f80      0x83d ./Core/Src/can.o
 .debug_line    0x00000000000037bd      0x7fa ./Core/Src/gpio.o
 .debug_line    0x0000000000003fb7      0x878 ./Core/Src/main.o
 .debug_line    0x000000000000482f      0x81e ./Core/Src/opamp.o
 .debug_line    0x000000000000504d      0x7c4 ./Core/Src/stm32f3xx_hal_msp.o
 .debug_line    0x0000000000005811      0x8f9 ./Core/Src/stm32f3xx_it.o
 .debug_line    0x000000000000610a      0x83a ./Core/Src/system_stm32f3xx.o
 .debug_line    0x0000000000006944      0x82e ./Core/Src/tim.o
 .debug_line    0x0000000000007172       0x7a ./Core/Startup/startup_stm32f303cbtx.o
 .debug_line    0x00000000000071ec      0x40a ./Drivers/CAN_LIB/src/CAN_FIFO.o
 .debug_line    0x00000000000075f6      0xce5 ./Drivers/CAN_LIB/src/CAN_LIB.o
 .debug_line    0x00000000000082db      0x95e ./Drivers/CAN_LIB/src/CAN_LIB_HW.o
 .debug_line    0x0000000000008c39      0xa6f ./Drivers/STM32F3xx_HAL_Driver/Src/stm32f3xx_hal.o
 .debug_line    0x00000000000096a8      0x9b3 ./Drivers/STM32F3xx_HAL_Driver/Src/stm32f3xx_hal_adc.o
 .debug_line    0x000000000000a05b     0x27e1 ./Drivers/STM32F3xx_HAL_Driver/Src/stm32f3xx_hal_adc_ex.o
 .debug_line    0x000000000000c83c     0x1214 ./Drivers/STM32F3xx_HAL_Driver/Src/stm32f3xx_hal_can.o
 .debug_line    0x000000000000da50      0xd34 ./Drivers/STM32F3xx_HAL_Driver/Src/stm32f3xx_hal_cortex.o
 .debug_line    0x000000000000e784      0xbce ./Drivers/STM32F3xx_HAL_Driver/Src/stm32f3xx_hal_gpio.o
 .debug_line    0x000000000000f352      0xaa2 ./Drivers/STM32F3xx_HAL_Driver/Src/stm32f3xx_hal_opamp.o
 .debug_line    0x000000000000fdf4     0x144a ./Drivers/STM32F3xx_HAL_Driver/Src/stm32f3xx_hal_rcc.o
 .debug_line    0x000000000001123e      0xdd5 ./Drivers/STM32F3xx_HAL_Driver/Src/stm32f3xx_hal_rcc_ex.o
 .debug_line    0x0000000000012013     0x3e34 ./Drivers/STM32F3xx_HAL_Driver/Src/stm32f3xx_hal_tim.o
 .debug_line    0x0000000000015e47     0x1b5f ./Drivers/STM32F3xx_HAL_Driver/Src/stm32f3xx_hal_tim_ex.o

.debug_str      0x0000000000000000    0xbea83
 .debug_str     0x0000000000000000    0xb6e54 ./Core/Src/ADC_Handler.o
                                      0xb75c5 (size before relaxing)
 .debug_str     0x00000000000b6e54      0x45a ./Core/Src/Application.o
                                      0xb73ca (size before relaxing)
 .debug_str     0x00000000000b72ae       0xf2 ./Core/Src/CAN_Handler.o
                                      0xb700f (size before relaxing)
 .debug_str     0x00000000000b73a0      0x195 ./Core/Src/Gearbox.o
                                      0xb7383 (size before relaxing)
 .debug_str     0x00000000000b7535      0x4b9 ./Core/Src/adc.o
                                      0xb7973 (size before relaxing)
 .debug_str     0x00000000000b79ee      0x2b1 ./Core/Src/can.o
                                      0xb77b4 (size before relaxing)
 .debug_str     0x00000000000b7c9f       0x2c ./Core/Src/gpio.o
                                      0xb7040 (size before relaxing)
 .debug_str     0x00000000000b7ccb      0x306 ./Core/Src/main.o
                                      0xb72a3 (size before relaxing)
 .debug_str     0x00000000000b7fd1       0x55 ./Core/Src/opamp.o
                                      0xb7259 (size before relaxing)
 .debug_str     0x00000000000b8026       0x2c ./Core/Src/stm32f3xx_hal_msp.o
                                      0xb6f75 (size before relaxing)
 .debug_str     0x00000000000b8052      0x115 ./Core/Src/stm32f3xx_it.o
                                      0xb76ab (size before relaxing)
 .debug_str     0x00000000000b8167       0xdf ./Core/Src/system_stm32f3xx.o
                                      0xb6f0b (size before relaxing)
 .debug_str     0x00000000000b8246      0x3e3 ./Core/Src/tim.o
                                      0xb7600 (size before relaxing)
 .debug_str     0x00000000000b8629       0x34 ./Core/Startup/startup_stm32f303cbtx.o
                                         0x66 (size before relaxing)
 .debug_str     0x00000000000b865d       0xb1 ./Drivers/CAN_LIB/src/CAN_FIFO.o
                                       0x3390 (size before relaxing)
 .debug_str     0x00000000000b870e     0x35db ./Drivers/CAN_LIB/src/CAN_LIB.o
                                      0xba681 (size before relaxing)
 .debug_str     0x00000000000bbce9      0x234 ./Drivers/CAN_LIB/src/CAN_LIB_HW.o
                                      0xb7567 (size before relaxing)
 .debug_str     0x00000000000bbf1d      0x395 ./Drivers/STM32F3xx_HAL_Driver/Src/stm32f3xx_hal.o
                                      0xb7749 (size before relaxing)
 .debug_str     0x00000000000bc2b2      0x1b9 ./Drivers/STM32F3xx_HAL_Driver/Src/stm32f3xx_hal_adc.o
                                      0xb74f8 (size before relaxing)
 .debug_str     0x00000000000bc46b      0x6ac ./Drivers/STM32F3xx_HAL_Driver/Src/stm32f3xx_hal_adc_ex.o
                                      0xb7c11 (size before relaxing)
 .debug_str     0x00000000000bcb17      0x364 ./Drivers/STM32F3xx_HAL_Driver/Src/stm32f3xx_hal_can.o
                                      0xb7692 (size before relaxing)
 .debug_str     0x00000000000bce7b      0x31b ./Drivers/STM32F3xx_HAL_Driver/Src/stm32f3xx_hal_cortex.o
                                      0xb779b (size before relaxing)
 .debug_str     0x00000000000bd196      0x118 ./Drivers/STM32F3xx_HAL_Driver/Src/stm32f3xx_hal_gpio.o
                                      0xb7078 (size before relaxing)
 .debug_str     0x00000000000bd2ae      0x149 ./Drivers/STM32F3xx_HAL_Driver/Src/stm32f3xx_hal_opamp.o
                                      0xb71c9 (size before relaxing)
 .debug_str     0x00000000000bd3f7      0x2b8 ./Drivers/STM32F3xx_HAL_Driver/Src/stm32f3xx_hal_rcc.o
                                      0xb73ab (size before relaxing)
 .debug_str     0x00000000000bd6af       0xbe ./Drivers/STM32F3xx_HAL_Driver/Src/stm32f3xx_hal_rcc_ex.o
                                      0xb716f (size before relaxing)
 .debug_str     0x00000000000bd76d      0xe3a ./Drivers/STM32F3xx_HAL_Driver/Src/stm32f3xx_hal_tim.o
                                      0xb8332 (size before relaxing)
 .debug_str     0x00000000000be5a7      0x4dc ./Drivers/STM32F3xx_HAL_Driver/Src/stm32f3xx_hal_tim_ex.o
                                      0xb7b88 (size before relaxing)

.debug_frame    0x0000000000000000     0x450c
 .debug_frame   0x0000000000000000       0x70 ./Core/Src/ADC_Handler.o
 .debug_frame   0x0000000000000070       0xac ./Core/Src/Application.o
 .debug_frame   0x000000000000011c       0xe4 ./Core/Src/CAN_Handler.o
 .debug_frame   0x0000000000000200      0x394 ./Core/Src/Gearbox.o
 .debug_frame   0x0000000000000594       0x7c ./Core/Src/adc.o
 .debug_frame   0x0000000000000610       0x74 ./Core/Src/can.o
 .debug_frame   0x0000000000000684       0x34 ./Core/Src/gpio.o
 .debug_frame   0x00000000000006b8       0x6c ./Core/Src/main.o
 .debug_frame   0x0000000000000724       0x74 ./Core/Src/opamp.o
 .debug_frame   0x0000000000000798       0x38 ./Core/Src/stm32f3xx_hal_msp.o
 .debug_frame   0x00000000000007d0      0x194 ./Core/Src/stm32f3xx_it.o
 .debug_frame   0x0000000000000964       0x58 ./Core/Src/system_stm32f3xx.o
 .debug_frame   0x00000000000009bc       0x84 ./Core/Src/tim.o
 .debug_frame   0x0000000000000a40       0xb0 ./Drivers/CAN_LIB/src/CAN_FIFO.o
 .debug_frame   0x0000000000000af0      0x304 ./Drivers/CAN_LIB/src/CAN_LIB.o
 .debug_frame   0x0000000000000df4      0x128 ./Drivers/CAN_LIB/src/CAN_LIB_HW.o
 .debug_frame   0x0000000000000f1c      0x334 ./Drivers/STM32F3xx_HAL_Driver/Src/stm32f3xx_hal.o
 .debug_frame   0x0000000000001250      0x380 ./Drivers/STM32F3xx_HAL_Driver/Src/stm32f3xx_hal_adc.o
 .debug_frame   0x00000000000015d0      0x644 ./Drivers/STM32F3xx_HAL_Driver/Src/stm32f3xx_hal_adc_ex.o
 .debug_frame   0x0000000000001c14      0x5a0 ./Drivers/STM32F3xx_HAL_Driver/Src/stm32f3xx_hal_can.o
 .debug_frame   0x00000000000021b4      0x498 ./Drivers/STM32F3xx_HAL_Driver/Src/stm32f3xx_hal_cortex.o
 .debug_frame   0x000000000000264c      0x14c ./Drivers/STM32F3xx_HAL_Driver/Src/stm32f3xx_hal_gpio.o
 .debug_frame   0x0000000000002798      0x198 ./Drivers/STM32F3xx_HAL_Driver/Src/stm32f3xx_hal_opamp.o
 .debug_frame   0x0000000000002930      0x214 ./Drivers/STM32F3xx_HAL_Driver/Src/stm32f3xx_hal_rcc.o
 .debug_frame   0x0000000000002b44       0xb0 ./Drivers/STM32F3xx_HAL_Driver/Src/stm32f3xx_hal_rcc_ex.o
 .debug_frame   0x0000000000002bf4     0x121c ./Drivers/STM32F3xx_HAL_Driver/Src/stm32f3xx_hal_tim.o
 .debug_frame   0x0000000000003e10      0x688 ./Drivers/STM32F3xx_HAL_Driver/Src/stm32f3xx_hal_tim_ex.o
 .debug_frame   0x0000000000004498       0x20 C:/ST/STM32CubeIDE_1.10.1/STM32CubeIDE/plugins/com.st.stm32cube.ide.mcu.externaltools.gnu-tools-for-stm32.11.3.rel1.win32_1.1.100.202309141235/tools/bin/../lib/gcc/arm-none-eabi/11.3.1/../../../../arm-none-eabi/lib/thumb/v7e-m+fp/hard\libc_nano.a(libc_a-memset.o)
 .debug_frame   0x00000000000044b8       0x2c C:/ST/STM32CubeIDE_1.10.1/STM32CubeIDE/plugins/com.st.stm32cube.ide.mcu.externaltools.gnu-tools-for-stm32.11.3.rel1.win32_1.1.100.202309141235/tools/bin/../lib/gcc/arm-none-eabi/11.3.1/../../../../arm-none-eabi/lib/thumb/v7e-m+fp/hard\libc_nano.a(libc_a-init.o)
 .debug_frame   0x00000000000044e4       0x28 C:/ST/STM32CubeIDE_1.10.1/STM32CubeIDE/plugins/com.st.stm32cube.ide.mcu.externaltools.gnu-tools-for-stm32.11.3.rel1.win32_1.1.100.202309141235/tools/bin/../lib/gcc/arm-none-eabi/11.3.1/../../../../arm-none-eabi/lib/thumb/v7e-m+fp/hard\libc_nano.a(libc_a-memcpy-stub.o)

.debug_line_str
                0x0000000000000000       0x5a
 .debug_line_str
                0x0000000000000000       0x5a ./Core/Startup/startup_stm32f303cbtx.o
                                         0x72 (size before relaxing)
