../Drivers/CAN_LIB/src/CAN_LIB.c:25:6:CAN_Init	8	static
../Drivers/CAN_LIB/src/CAN_LIB.c:30:6:CAN_InitFrame	24	static
../Drivers/CAN_LIB/src/CAN_LIB.c:39:6:CAN_AddExtId	16	static
../Drivers/CAN_LIB/src/CAN_LIB.c:44:6:CAN_InitValue	24	static
../Drivers/CAN_LIB/src/CAN_LIB.c:59:9:FilterFrame	24	static
../Drivers/CAN_LIB/src/CAN_LIB.c:71:17:CAN_ConvertFrameBitsToUint	40	static
../Drivers/CAN_LIB/src/CAN_LIB.c:75:16:CAN_ConvertFrameBitsToInt	40	static
../Drivers/CAN_LIB/src/CAN_LIB.c:79:17:CAN_ConvertUintToFrameBits	48	static
../Drivers/CAN_LIB/src/CAN_LIB.c:83:17:CAN_ConvertIntToFrameBits	56	static
../Drivers/CAN_LIB/src/CAN_LIB.c:91:6:CAN_WriteValueFloat	80	static
../Drivers/CAN_LIB/src/CAN_LIB.c:118:7:CAN_ReadValueFloat	24	static
../Drivers/CAN_LIB/src/CAN_LIB.c:135:17:CAN_GetTickMs	8	static
../Drivers/CAN_LIB/src/CAN_LIB.c:139:9:CAN_IsValueActual	16	static
../Drivers/CAN_LIB/src/CAN_LIB.c:145:9:CAN_IsFrameActual	16	static
../Drivers/CAN_LIB/src/CAN_LIB.c:151:16:CAN_SendFrame	16	static
../Drivers/CAN_LIB/src/CAN_LIB.c:158:6:CAN_SetRxCallback	16	static
../Drivers/CAN_LIB/src/CAN_LIB.c:163:13:CAN_ReceiveCallback	32	static
../Drivers/CAN_LIB/src/CAN_LIB.c:172:6:CAN_TxCompleteCallback	16	static
