../Core/Src/Gearbox.c:15:6:gearboxInit	16	static
../Core/Src/Gearbox.c:40:6:updateGearADC	16	static
../Core/Src/Gearbox.c:45:6:updateGear	16	static
../Core/Src/Gearbox.c:69:9:getGear	16	static
../Core/Src/Gearbox.c:74:9:getGearCut	16	static
../Core/Src/Gearbox.c:79:6:processCallback	16	static
../Core/Src/Gearbox.c:141:6:startUpshiftCallback	16	static
../Core/Src/Gearbox.c:169:6:upshiftFromNeutral	16	static
../Core/Src/Gearbox.c:178:6:upshiftGearCut	16	static
../Core/Src/Gearbox.c:189:6:upshiftFinish	16	static
../Core/Src/Gearbox.c:200:6:startDownshiftCallback	16	static
../Core/Src/Gearbox.c:232:6:downshiftToNeutral	16	static
../Core/Src/Gearbox.c:242:6:downshiftRevMatch	16	static
../Core/Src/Gearbox.c:253:6:downshiftFinish	16	static
../Core/Src/Gearbox.c:264:6:openLoop_upshift_gearCut	16	static
../Core/Src/Gearbox.c:275:6:openLoop_upshift_finish	16	static
../Core/Src/Gearbox.c:286:6:openLoop_downshift_clutch	16	static
../Core/Src/Gearbox.c:297:6:openLoop_downshift_finish	16	static
../Core/Src/Gearbox.c:308:6:startUpshift	16	static
../Core/Src/Gearbox.c:313:6:startDownshift	16	static
../Core/Src/Gearbox.c:319:6:clutch	16	static
../Core/Src/Gearbox.c:324:6:isShiftinProgress	16	static
../Core/Src/Gearbox.c:332:16:getState	16	static
../Core/Src/Gearbox.c:337:13:getTimeout	16	static
