../Core/Src/Gearbox.c:13:6:gearboxInit	16	static
../Core/Src/Gearbox.c:29:6:updateGearADC	16	static
../Core/Src/Gearbox.c:34:6:updateGear	16	static
../Core/Src/Gearbox.c:58:9:getGear	16	static
../Core/Src/Gearbox.c:63:9:getGearCut	16	static
../Core/Src/Gearbox.c:68:6:processCallback	16	static
../Core/Src/Gearbox.c:130:6:startUpshiftCallback	16	static
../Core/Src/Gearbox.c:158:6:upshiftFromNeutral	16	static
../Core/Src/Gearbox.c:167:6:upshiftGearCut	16	static
../Core/Src/Gearbox.c:178:6:upshiftFinish	16	static
../Core/Src/Gearbox.c:190:6:startDownshiftCallback	16	static
../Core/Src/Gearbox.c:222:6:downshiftToNeutral	16	static
../Core/Src/Gearbox.c:232:6:downshiftRevMatch	16	static
../Core/Src/Gearbox.c:243:6:downshiftFinish	16	static
../Core/Src/Gearbox.c:255:6:openLoop_upshift_gearCut	16	static
../Core/Src/Gearbox.c:266:6:openLoop_upshift_finish	16	static
../Core/Src/Gearbox.c:278:6:openLoop_downshift_clutch	16	static
../Core/Src/Gearbox.c:289:6:openLoop_downshift_finish	16	static
../Core/Src/Gearbox.c:301:6:startUpshift	16	static
../Core/Src/Gearbox.c:306:6:startDownshift	16	static
../Core/Src/Gearbox.c:312:6:clutch	16	static
../Core/Src/Gearbox.c:317:6:isShiftinProgress	16	static
../Core/Src/Gearbox.c:325:16:getState	16	static
../Core/Src/Gearbox.c:330:13:getTimeout	16	static
