../Core/Src/Gearbox.c:15:6:gearboxInit	16	static
../Core/Src/Gearbox.c:38:6:updateGearADC	16	static
../Core/Src/Gearbox.c:43:6:updateGear	16	static
../Core/Src/Gearbox.c:72:6:processCallback	16	static
../Core/Src/Gearbox.c:134:6:startUpshiftCallback	16	static
../Core/Src/Gearbox.c:162:6:upshiftFromNeutral	16	static
../Core/Src/Gearbox.c:172:6:upshiftGearCut	16	static
../Core/Src/Gearbox.c:183:6:upshiftFinish	16	static
../Core/Src/Gearbox.c:196:6:startDownshiftCallback	16	static
../Core/Src/Gearbox.c:227:6:downshiftToNeutral	16	static
../Core/Src/Gearbox.c:238:6:downshiftRevMatch	16	static
../Core/Src/Gearbox.c:249:6:downshiftFinish	16	static
../Core/Src/Gearbox.c:262:6:openLoop_upshift_gearCut	16	static
../Core/Src/Gearbox.c:273:6:openLoop_upshift_finish	16	static
../Core/Src/Gearbox.c:286:6:openLoop_downshift_clutch	16	static
../Core/Src/Gearbox.c:297:6:openLoop_downshift_finish	16	static
../Core/Src/Gearbox.c:310:6:startUpshift	16	static
../Core/Src/Gearbox.c:315:6:startDownshift	16	static
../Core/Src/Gearbox.c:321:6:clutch	16	static
../Core/Src/Gearbox.c:326:6:isShiftinProgress	16	static
../Core/Src/Gearbox.c:334:6:getTimeout	16	static
